#
# There is insufficient memory for the Java Runtime Environment to continue.
# Native memory allocation (malloc) failed to allocate 1727232 bytes. Error detail: Chunk::new
# Possible reasons:
#   The system is out of physical RAM or swap space
#   This process is running with CompressedOops enabled, and the Java Heap may be blocking the growth of the native heap
# Possible solutions:
#   Reduce memory load on the system
#   Increase physical memory or swap space
#   Check if swap backing store is full
#   Decrease Java heap size (-Xmx/-Xms)
#   Decrease number of Java threads
#   Decrease Java thread stack sizes (-Xss)
#   Set larger code cache with -XX:ReservedCodeCacheSize=
#   JVM is running with Unscaled Compressed Oops mode in which the Java heap is
#     placed in the first 4GB address space. The Java Heap base address is the
#     maximum limit for the native heap growth. Please use -XX:HeapBaseMinAddress
#     to set the Java Heap base and to place the Java Heap above 4GB virtual address.
# This output file may be truncated or incomplete.
#
#  Out of Memory Error (arena.cpp:186), pid=29660, tid=36368
#
# JRE version: OpenJDK Runtime Environment (25.0.2) (build 25.0.2+-15348964-b329.117)
# Java VM: OpenJDK 64-Bit Server VM (25.0.2+-15348964-b329.117, mixed mode, tiered, compressed oops, compressed class ptrs, g1 gc, windows-amd64)
# No core dump will be written. Minidumps are not enabled by default on client versions of Windows
#

---------------  S U M M A R Y ------------

Command Line: --add-opens=java.base/java.lang=ALL-UNNAMED --add-opens=java.base/java.lang.invoke=ALL-UNNAMED --add-opens=java.base/java.util=ALL-UNNAMED --add-opens=java.prefs/java.util.prefs=ALL-UNNAMED --add-exports=jdk.compiler/com.sun.tools.javac.api=ALL-UNNAMED --add-exports=jdk.compiler/com.sun.tools.javac.util=ALL-UNNAMED --add-opens=java.base/java.nio.charset=ALL-UNNAMED --add-opens=java.base/java.net=ALL-UNNAMED --add-opens=java.base/java.util.concurrent=ALL-UNNAMED --add-opens=java.base/java.util.concurrent.atomic=ALL-UNNAMED --add-opens=java.xml/javax.xml.namespace=ALL-UNNAMED --add-opens=java.base/java.time=ALL-UNNAMED --enable-native-access=ALL-UNNAMED -Xmx2048m -Dfile.encoding=UTF-8 -Duser.country=ZA -Duser.language=en -Duser.variant -javaagent:C:\Users\indie\.gradle\wrapper\dists\gradle-9.5.0-bin\bvnork1r7n8i6kp5cnkibsc9q\gradle-9.5.0\lib\agents\gradle-instrumentation-agent-9.5.0.jar org.gradle.launcher.daemon.bootstrap.GradleDaemon 9.5.0

Host: AMD Ryzen 7 7730U with Radeon Graphics         , 16 cores, 5G,  Windows 11 , 64 bit Build 26100 (10.0.26100.9444)
Time: Mon Sep 21 21:02:35 2026 South Africa Standard Time elapsed time: 28.243690 seconds (0d 0h 0m 28s)

---------------  T H R E A D  ---------------

Current thread (0x0000024ec06a0b80):  JavaThread "C2 CompilerThread0" daemon [_thread_in_native, id=36368, stack(0x000000a16eb00000,0x000000a16ec00000) (1024K)]


Current CompileTask:
C2:28244 12793       4       org.gradle.internal.instantiation.generator.AbstractClassGenerator::inspectType (602 bytes)

Stack: [0x000000a16eb00000,0x000000a16ec00000]
Native frames: (J=compiled Java code, j=interpreted, Vv=VM code, C=native code)
V  [jvm.dll+0x7bd439]  (no source info available)
V  [jvm.dll+0x78763d]  (no source info available)
V  [jvm.dll+0xa0c885]  (no source info available)
V  [jvm.dll+0xa0ef04]  (no source info available)
V  [jvm.dll+0xa0f603]  (no source info available)
V  [jvm.dll+0x309bf6]  (no source info available)
V  [jvm.dll+0x10ea69]  (no source info available)
V  [jvm.dll+0x10ed92]  (no source info available)
V  [jvm.dll+0x45d999]  (no source info available)
V  [jvm.dll+0x42bd4b]  (no source info available)
V  [jvm.dll+0x42b17a]  (no source info available)
V  [jvm.dll+0x2cdea2]  (no source info available)
V  [jvm.dll+0x2cd221]  (no source info available)
V  [jvm.dll+0x242ffa]  (no source info available)
V  [jvm.dll+0x2dcc05]  (no source info available)
V  [jvm.dll+0x2dae06]  (no source info available)
V  [jvm.dll+0x49b59e]  (no source info available)
V  [jvm.dll+0x9ab9c8]  (no source info available)
V  [jvm.dll+0x7bb985]  (no source info available)
C  [ucrtbase.dll+0x2cd30]  (no source info available)
C  [KERNEL32.DLL+0x2cd87]  (no source info available)
C  [ntdll.dll+0xacaec]  (no source info available)

Lock stack of current Java thread (top to bottom):


---------------  P R O C E S S  ---------------

Threads class SMR info:
_java_thread_list=0x0000024ecacc09b0, length=86, elements={
0x0000024ea7e401b0, 0x0000024ec02fb850, 0x0000024ec0318ca0, 0x0000024ec03260b0,
0x0000024ec0327880, 0x0000024ec0328040, 0x0000024ec0328800, 0x0000024ec06a0090,
0x0000024ec06a0b80, 0x0000024ec06a1390, 0x0000024ec080e100, 0x0000024ec09f1da0,
0x0000024ec54d1470, 0x0000024ec65318c0, 0x0000024ec679b320, 0x0000024ec67985b0,
0x0000024ec7c1bd20, 0x0000024ec6743ec0, 0x0000024ec7ad8350, 0x0000024ec7c255e0,
0x0000024ec7c26580, 0x0000024ec7c29c30, 0x0000024ec7c284c0, 0x0000024ec7c2a400,
0x0000024ec7c28c90, 0x0000024ec7d49ac0, 0x0000024ec7d4c9a0, 0x0000024ec7d4aa60,
0x0000024ec7d4f0b0, 0x0000024ec7d4e8e0, 0x0000024ec7d4d170, 0x0000024ec7d4f880,
0x0000024ec8a33940, 0x0000024ec8a321d0, 0x0000024ec8a348e0, 0x0000024ec8a34110,
0x0000024ec8a31230, 0x0000024ec8a31a00, 0x0000024ec8a36050, 0x0000024ec8a36ff0,
0x0000024ec8a377c0, 0x0000024ec8a4a1f0, 0x0000024ec8a48a80, 0x0000024ec8a482b0,
0x0000024ec8a4c130, 0x0000024ec8a4c900, 0x0000024ec8a4e840, 0x0000024ec8a4f7e0,
0x0000024ec92799b0, 0x0000024ec927a950, 0x0000024ec9038330, 0x0000024ec903b210,
0x0000024ec9039aa0, 0x0000024ec903a270, 0x0000024ec903d150, 0x0000024ec903d920,
0x0000024ec903f090, 0x0000024ec84bb730, 0x0000024ec84bcea0, 0x0000024ec84c0550,
0x0000024ec84c0d20, 0x0000024ec84bd670, 0x0000024ec84c14f0, 0x0000024ec84bde40,
0x0000024ec84c2490, 0x0000024eca43ee00, 0x0000024eca4443f0, 0x0000024eca43fda0,
0x0000024eca4499e0, 0x0000024eca449210, 0x0000024eca44a1b0, 0x0000024eca44d090,
0x0000024ec927c890, 0x0000024ec90392d0, 0x0000024ec9f874e0, 0x0000024ec9f85d70,
0x0000024ec9f87cb0, 0x0000024ec9f86d10, 0x0000024ec9f89bf0, 0x0000024ec9f86540,
0x0000024ec9f8da70, 0x0000024ec9f8c300, 0x0000024ec9f8ab90, 0x0000024ec9f8ea10,
0x0000024ec9f90950, 0x0000024ec9f91120
}

Java Threads: ( => current thread )
  0x0000024ea7e401b0 JavaThread "main"                              [_thread_blocked, id=18324, stack(0x000000a16dc00000,0x000000a16dd00000) (1024K)]
  0x0000024ec02fb850 JavaThread "Common-Cleaner"             daemon [_thread_blocked, id=20280, stack(0x000000a16e400000,0x000000a16e500000) (1024K)]
  0x0000024ec0318ca0 JavaThread "Reference Handler"          daemon [_thread_blocked, id=19816, stack(0x000000a16e500000,0x000000a16e600000) (1024K)]
  0x0000024ec03260b0 JavaThread "Finalizer"                  daemon [_thread_blocked, id=28752, stack(0x000000a16e600000,0x000000a16e700000) (1024K)]
  0x0000024ec0327880 JavaThread "Signal Dispatcher"          daemon [_thread_blocked, id=27984, stack(0x000000a16e700000,0x000000a16e800000) (1024K)]
  0x0000024ec0328040 JavaThread "Attach Listener"            daemon [_thread_blocked, id=5776, stack(0x000000a16e800000,0x000000a16e900000) (1024K)]
  0x0000024ec0328800 JavaThread "Service Thread"             daemon [_thread_blocked, id=24252, stack(0x000000a16e900000,0x000000a16ea00000) (1024K)]
  0x0000024ec06a0090 JavaThread "Monitor Deflation Thread"   daemon [_thread_blocked, id=36416, stack(0x000000a16ea00000,0x000000a16eb00000) (1024K)]
=>0x0000024ec06a0b80 JavaThread "C2 CompilerThread0"         daemon [_thread_in_native, id=36368, stack(0x000000a16eb00000,0x000000a16ec00000) (1024K)]
  0x0000024ec06a1390 JavaThread "C1 CompilerThread0"         daemon [_thread_blocked, id=10696, stack(0x000000a16ec00000,0x000000a16ed00000) (1024K)]
  0x0000024ec080e100 JavaThread "C1 CompilerThread1"         daemon [_thread_blocked, id=9312, stack(0x000000a16ed00000,0x000000a16ee00000) (1024K)]
  0x0000024ec09f1da0 JavaThread "Notification Thread"        daemon [_thread_blocked, id=36172, stack(0x000000a16ee00000,0x000000a16ef00000) (1024K)]
  0x0000024ec54d1470 JavaThread "C1 CompilerThread2"         daemon [_thread_blocked, id=6036, stack(0x000000a16ef00000,0x000000a16f000000) (1024K)]
  0x0000024ec65318c0 JavaThread "Daemon health stats"               [_thread_blocked, id=26564, stack(0x000000a16f500000,0x000000a16f600000) (1024K)]
  0x0000024ec679b320 JavaThread "Incoming local TCP Connector on port 63808"        [_thread_in_native, id=18944, stack(0x000000a16f600000,0x000000a16f700000) (1024K)]
  0x0000024ec67985b0 JavaThread "Daemon periodic checks"            [_thread_blocked, id=8116, stack(0x000000a16f700000,0x000000a16f800000) (1024K)]
  0x0000024ec7c1bd20 JavaThread "Daemon"                            [_thread_blocked, id=28872, stack(0x000000a16f800000,0x000000a16f900000) (1024K)]
  0x0000024ec6743ec0 JavaThread "Handler for socket connection from /127.0.0.1:63808 to /127.0.0.1:63809"        [_thread_in_native, id=15680, stack(0x000000a16f900000,0x000000a16fa00000) (1024K)]
  0x0000024ec7ad8350 JavaThread "Cancel handler"                    [_thread_blocked, id=31532, stack(0x000000a170300000,0x000000a170400000) (1024K)]
  0x0000024ec7c255e0 JavaThread "Daemon worker"                     [_thread_blocked, id=31720, stack(0x000000a170400000,0x000000a170500000) (1024K)]
  0x0000024ec7c26580 JavaThread "Asynchronous log dispatcher for DefaultDaemonConnection: socket connection from /127.0.0.1:63808 to /127.0.0.1:63809"        [_thread_blocked, id=19212, stack(0x000000a170500000,0x000000a170600000) (1024K)]
  0x0000024ec7c29c30 JavaThread "Stdin handler"                     [_thread_blocked, id=24308, stack(0x000000a170600000,0x000000a170700000) (1024K)]
  0x0000024ec7c284c0 JavaThread "Daemon client event forwarder"        [_thread_blocked, id=33672, stack(0x000000a170700000,0x000000a170800000) (1024K)]
  0x0000024ec7c2a400 JavaThread "Cache worker for journal cache (C:\Users\indie\.gradle\caches\journal-1)"        [_thread_blocked, id=5660, stack(0x000000a170800000,0x000000a170900000) (1024K)]
  0x0000024ec7c28c90 JavaThread "File lock request listener"        [_thread_in_native, id=32256, stack(0x000000a170900000,0x000000a170a00000) (1024K)]
  0x0000024ec7d49ac0 JavaThread "Cache worker for file hash cache (C:\Users\indie\.gradle\caches\9.5.0\fileHashes)"        [_thread_blocked, id=33084, stack(0x000000a170a00000,0x000000a170b00000) (1024K)]
  0x0000024ec7d4c9a0 JavaThread "Cache worker for file hash cache (C:\Users\indie\Documents\Projects\Kotlin Learning\Identity\.gradle\9.5.0\fileHashes)"        [_thread_blocked, id=32916, stack(0x000000a170b00000,0x000000a170c00000) (1024K)]
  0x0000024ec7d4aa60 JavaThread "Cache worker for Build Output Cleanup Cache (C:\Users\indie\Documents\Projects\Kotlin Learning\Identity\.gradle\buildOutputCleanup)"        [_thread_blocked, id=20236, stack(0x000000a170c00000,0x000000a170d00000) (1024K)]
  0x0000024ec7d4f0b0 JavaThread "File watcher server"        daemon [_thread_in_native, id=32752, stack(0x000000a170d00000,0x000000a170e00000) (1024K)]
  0x0000024ec7d4e8e0 JavaThread "File watcher consumer"      daemon [_thread_blocked, id=17244, stack(0x000000a170e00000,0x000000a170f00000) (1024K)]
  0x0000024ec7d4d170 JavaThread "jar transforms"                    [_thread_blocked, id=13592, stack(0x000000a170f00000,0x000000a171000000) (1024K)]
  0x0000024ec7d4f880 JavaThread "jar transforms Thread 2"           [_thread_blocked, id=6424, stack(0x000000a171000000,0x000000a171100000) (1024K)]
  0x0000024ec8a33940 JavaThread "jar transforms Thread 3"           [_thread_blocked, id=1180, stack(0x000000a171100000,0x000000a171200000) (1024K)]
  0x0000024ec8a321d0 JavaThread "jar transforms Thread 4"           [_thread_blocked, id=36648, stack(0x000000a171200000,0x000000a171300000) (1024K)]
  0x0000024ec8a348e0 JavaThread "jar transforms Thread 5"           [_thread_blocked, id=32316, stack(0x000000a171300000,0x000000a171400000) (1024K)]
  0x0000024ec8a34110 JavaThread "jar transforms Thread 6"           [_thread_blocked, id=32848, stack(0x000000a171400000,0x000000a171500000) (1024K)]
  0x0000024ec8a31230 JavaThread "jar transforms Thread 7"           [_thread_blocked, id=16612, stack(0x000000a171500000,0x000000a171600000) (1024K)]
  0x0000024ec8a31a00 JavaThread "jar transforms Thread 8"           [_thread_blocked, id=30704, stack(0x000000a171600000,0x000000a171700000) (1024K)]
  0x0000024ec8a36050 JavaThread "jar transforms Thread 9"           [_thread_blocked, id=21224, stack(0x000000a171700000,0x000000a171800000) (1024K)]
  0x0000024ec8a36ff0 JavaThread "jar transforms Thread 10"          [_thread_blocked, id=33100, stack(0x000000a171800000,0x000000a171900000) (1024K)]
  0x0000024ec8a377c0 JavaThread "jar transforms Thread 11"          [_thread_blocked, id=31812, stack(0x000000a171900000,0x000000a171a00000) (1024K)]
  0x0000024ec8a4a1f0 JavaThread "jar transforms Thread 12"          [_thread_blocked, id=32796, stack(0x000000a171a00000,0x000000a171b00000) (1024K)]
  0x0000024ec8a48a80 JavaThread "jar transforms Thread 13"          [_thread_blocked, id=20956, stack(0x000000a171b00000,0x000000a171c00000) (1024K)]
  0x0000024ec8a482b0 JavaThread "jar transforms Thread 14"          [_thread_blocked, id=23636, stack(0x000000a171c00000,0x000000a171d00000) (1024K)]
  0x0000024ec8a4c130 JavaThread "jar transforms Thread 15"          [_thread_blocked, id=11420, stack(0x000000a171d00000,0x000000a171e00000) (1024K)]
  0x0000024ec8a4c900 JavaThread "jar transforms Thread 16"          [_thread_blocked, id=33460, stack(0x000000a171e00000,0x000000a171f00000) (1024K)]
  0x0000024ec8a4e840 JavaThread "Cache worker for file content cache (C:\Users\indie\.gradle\caches\9.5.0\fileContent)"        [_thread_blocked, id=13264, stack(0x000000a171f00000,0x000000a172000000) (1024K)]
  0x0000024ec8a4f7e0 JavaThread "Cache worker for checksums cache (C:\Users\indie\Documents\Projects\Kotlin Learning\Identity\.gradle\9.5.0\checksums)"        [_thread_blocked, id=14168, stack(0x000000a172000000,0x000000a172100000) (1024K)]
  0x0000024ec92799b0 JavaThread "Cache worker for cache directory md-supplier (C:\Users\indie\.gradle\caches\9.5.0\md-supplier)"        [_thread_blocked, id=35416, stack(0x000000a172100000,0x000000a172200000) (1024K)]
  0x0000024ec927a950 JavaThread "Cache worker for cache directory md-rule (C:\Users\indie\.gradle\caches\9.5.0\md-rule)"        [_thread_blocked, id=35868, stack(0x000000a172200000,0x000000a172300000) (1024K)]
  0x0000024ec9038330 JavaThread "Build operations"                  [_thread_blocked, id=13904, stack(0x000000a172300000,0x000000a172400000) (1024K)]
  0x0000024ec903b210 JavaThread "Build operations Thread 2"         [_thread_blocked, id=27124, stack(0x000000a172400000,0x000000a172500000) (1024K)]
  0x0000024ec9039aa0 JavaThread "Build operations Thread 3"         [_thread_blocked, id=36164, stack(0x000000a172500000,0x000000a172600000) (1024K)]
  0x0000024ec903a270 JavaThread "Build operations Thread 4"         [_thread_blocked, id=11860, stack(0x000000a172600000,0x000000a172700000) (1024K)]
  0x0000024ec903d150 JavaThread "Build operations Thread 5"         [_thread_blocked, id=9180, stack(0x000000a172700000,0x000000a172800000) (1024K)]
  0x0000024ec903d920 JavaThread "Build operations Thread 6"         [_thread_blocked, id=30188, stack(0x000000a172800000,0x000000a172900000) (1024K)]
  0x0000024ec903f090 JavaThread "Build operations Thread 7"         [_thread_blocked, id=6896, stack(0x000000a172900000,0x000000a172a00000) (1024K)]
  0x0000024ec84bb730 JavaThread "Build operations Thread 8"         [_thread_blocked, id=34968, stack(0x000000a172a00000,0x000000a172b00000) (1024K)]
  0x0000024ec84bcea0 JavaThread "Build operations Thread 9"         [_thread_blocked, id=16980, stack(0x000000a172b00000,0x000000a172c00000) (1024K)]
  0x0000024ec84c0550 JavaThread "Build operations Thread 10"        [_thread_blocked, id=2192, stack(0x000000a172c00000,0x000000a172d00000) (1024K)]
  0x0000024ec84c0d20 JavaThread "Build operations Thread 11"        [_thread_blocked, id=30496, stack(0x000000a172d00000,0x000000a172e00000) (1024K)]
  0x0000024ec84bd670 JavaThread "Build operations Thread 12"        [_thread_blocked, id=34228, stack(0x000000a172e00000,0x000000a172f00000) (1024K)]
  0x0000024ec84c14f0 JavaThread "Build operations Thread 13"        [_thread_blocked, id=33804, stack(0x000000a172f00000,0x000000a173000000) (1024K)]
  0x0000024ec84bde40 JavaThread "Build operations Thread 14"        [_thread_blocked, id=32436, stack(0x000000a173000000,0x000000a173100000) (1024K)]
  0x0000024ec84c2490 JavaThread "Build operations Thread 15"        [_thread_blocked, id=35984, stack(0x000000a173100000,0x000000a173200000) (1024K)]
  0x0000024eca43ee00 JavaThread "Build operations Thread 16"        [_thread_blocked, id=27780, stack(0x000000a173200000,0x000000a173300000) (1024K)]
  0x0000024eca4443f0 JavaThread "Memory manager"                    [_thread_blocked, id=26528, stack(0x000000a173300000,0x000000a173400000) (1024K)]
  0x0000024eca43fda0 JavaThread "pool-3-thread-1"                   [_thread_blocked, id=28916, stack(0x000000a173400000,0x000000a173500000) (1024K)]
  0x0000024eca4499e0 JavaThread "included builds"                   [_thread_blocked, id=31112, stack(0x000000a173500000,0x000000a173600000) (1024K)]
  0x0000024eca449210 JavaThread "Execution worker"                  [_thread_blocked, id=1376, stack(0x000000a173600000,0x000000a173700000) (1024K)]
  0x0000024eca44a1b0 JavaThread "Execution worker Thread 2"         [_thread_blocked, id=35652, stack(0x000000a173700000,0x000000a173800000) (1024K)]
  0x0000024eca44d090 JavaThread "Execution worker Thread 3"         [_thread_blocked, id=33352, stack(0x000000a173800000,0x000000a173900000) (1024K)]
  0x0000024ec927c890 JavaThread "Execution worker Thread 4"         [_thread_blocked, id=16300, stack(0x000000a173900000,0x000000a173a00000) (1024K)]
  0x0000024ec90392d0 JavaThread "Execution worker Thread 5"         [_thread_blocked, id=8768, stack(0x000000a173a00000,0x000000a173b00000) (1024K)]
  0x0000024ec9f874e0 JavaThread "Execution worker Thread 6"         [_thread_blocked, id=16812, stack(0x000000a173b00000,0x000000a173c00000) (1024K)]
  0x0000024ec9f85d70 JavaThread "Execution worker Thread 7"         [_thread_blocked, id=36068, stack(0x000000a173c00000,0x000000a173d00000) (1024K)]
  0x0000024ec9f87cb0 JavaThread "Execution worker Thread 8"         [_thread_blocked, id=4740, stack(0x000000a173d00000,0x000000a173e00000) (1024K)]
  0x0000024ec9f86d10 JavaThread "Execution worker Thread 9"         [_thread_blocked, id=32980, stack(0x000000a173e00000,0x000000a173f00000) (1024K)]
  0x0000024ec9f89bf0 JavaThread "Execution worker Thread 10"        [_thread_blocked, id=32720, stack(0x000000a173f00000,0x000000a174000000) (1024K)]
  0x0000024ec9f86540 JavaThread "Execution worker Thread 11"        [_thread_blocked, id=36116, stack(0x000000a174000000,0x000000a174100000) (1024K)]
  0x0000024ec9f8da70 JavaThread "Execution worker Thread 12"        [_thread_blocked, id=2172, stack(0x000000a174100000,0x000000a174200000) (1024K)]
  0x0000024ec9f8c300 JavaThread "Execution worker Thread 13"        [_thread_blocked, id=13484, stack(0x000000a174200000,0x000000a174300000) (1024K)]
  0x0000024ec9f8ab90 JavaThread "Execution worker Thread 14"        [_thread_blocked, id=29548, stack(0x000000a174300000,0x000000a174400000) (1024K)]
  0x0000024ec9f8ea10 JavaThread "Execution worker Thread 15"        [_thread_blocked, id=30128, stack(0x000000a174400000,0x000000a174500000) (1024K)]
  0x0000024ec9f90950 JavaThread "Cache worker for execution history cache (C:\Users\indie\Documents\Projects\Kotlin Learning\Identity\.gradle\9.5.0\executionHistory)"        [_thread_blocked, id=27688, stack(0x000000a174500000,0x000000a174600000) (1024K)]
  0x0000024ec9f91120 JavaThread "idea-tooling-model-converter"        [_thread_blocked, id=30260, stack(0x000000a174600000,0x000000a174700000) (1024K)]
Total: 86

Other Threads:
  0x0000024ec02b70e0 VMThread "VM Thread"                           [id=36576, stack(0x000000a16e300000,0x000000a16e400000) (1024K)]
  0x0000024ec0290bd0 WatcherThread "VM Periodic Task Thread"        [id=22956, stack(0x000000a16e200000,0x000000a16e300000) (1024K)]
  0x0000024ea7e99c40 WorkerThread "GC Thread#0"                     [id=32840, stack(0x000000a16dd00000,0x000000a16de00000) (1024K)]
  0x0000024ec5f6bfb0 WorkerThread "GC Thread#1"                     [id=35736, stack(0x000000a16f000000,0x000000a16f100000) (1024K)]
  0x0000024ec5f6ae70 WorkerThread "GC Thread#2"                     [id=36364, stack(0x000000a16f100000,0x000000a16f200000) (1024K)]
  0x0000024ec5f6bb60 WorkerThread "GC Thread#3"                     [id=34992, stack(0x000000a16f200000,0x000000a16f300000) (1024K)]
  0x0000024ec5f6b2c0 WorkerThread "GC Thread#4"                     [id=496, stack(0x000000a16f300000,0x000000a16f400000) (1024K)]
  0x0000024ec5f6cca0 WorkerThread "GC Thread#5"                     [id=17516, stack(0x000000a16f400000,0x000000a16f500000) (1024K)]
  0x0000024ec6725350 WorkerThread "GC Thread#6"                     [id=26048, stack(0x000000a16fa00000,0x000000a16fb00000) (1024K)]
  0x0000024ec67282c0 WorkerThread "GC Thread#7"                     [id=36168, stack(0x000000a16fb00000,0x000000a16fc00000) (1024K)]
  0x0000024ec6724660 WorkerThread "GC Thread#8"                     [id=18536, stack(0x000000a16fc00000,0x000000a16fd00000) (1024K)]
  0x0000024ec6727e70 WorkerThread "GC Thread#9"                     [id=24708, stack(0x000000a16fd00000,0x000000a16fe00000) (1024K)]
  0x0000024ec6728710 WorkerThread "GC Thread#10"                    [id=28688, stack(0x000000a16fe00000,0x000000a16ff00000) (1024K)]
  0x0000024ec6726d30 WorkerThread "GC Thread#11"                    [id=34548, stack(0x000000a16ff00000,0x000000a170000000) (1024K)]
  0x0000024ec6724ab0 WorkerThread "GC Thread#12"                    [id=5896, stack(0x000000a170000000,0x000000a170100000) (1024K)]
  0x0000024ea7eb3520 ConcurrentGCThread "G1 Main Marker"            [id=22100, stack(0x000000a16de00000,0x000000a16df00000) (1024K)]
  0x0000024ea7eb4f00 WorkerThread "G1 Conc#0"                       [id=17116, stack(0x000000a16df00000,0x000000a16e000000) (1024K)]
  0x0000024ec6728b60 WorkerThread "G1 Conc#1"                       [id=12112, stack(0x000000a170100000,0x000000a170200000) (1024K)]
  0x0000024ec6726040 WorkerThread "G1 Conc#2"                       [id=27548, stack(0x000000a170200000,0x000000a170300000) (1024K)]
  0x0000024ec01606d0 ConcurrentGCThread "G1 Refine#0"               [id=6304, stack(0x000000a16e000000,0x000000a16e100000) (1024K)]
  0x0000024ec0160ce0 ConcurrentGCThread "G1 Service"                [id=33708, stack(0x000000a16e100000,0x000000a16e200000) (1024K)]
Total: 21

Threads with active compile tasks:
C2 CompilerThread0  28415 12793       4       org.gradle.internal.instantiation.generator.AbstractClassGenerator::inspectType (602 bytes)
Total: 1

VM state: at safepoint (normal execution)

VM Mutex/Monitor currently owned by a thread:  ([mutex/lock_event])
[0x00007ffe4e611e18] FreeList_lock - owner thread: 0x0000024ec5f6bb60
[0x00007ffe4e614698] Threads_lock - owner thread: 0x0000024ec02b70e0
[0x00007ffe4e614818] Heap_lock - owner thread: 0x0000024ec7d49ac0

Heap address: 0x0000000080000000, size: 2048 MB, Compressed Oops mode: 32-bit

CDS archive(s) not mapped
Compressed class space mapped at: 0x0000000034000000-0x0000000074000000, reserved size: 1073741824
UseCompressedClassPointers 1, UseCompactObjectHeaders 0
Narrow klass pointer bits 32, Max shift 3
Narrow klass base: 0x0000000000000000, Narrow klass shift: 0
Encoding Range: [0x0000000000000000 - 0x0000000100000000), (4294967296 bytes)
Klass Range:    [0x0000000034000000 - 0x0000000074000000), (1073741824 bytes)
Klass ID Range:  [872415232 - 1946157049) (1073741817)
No protection zone.

GC Precious Log:
 CardTable entry size: 512
 Card Set container configuration: InlinePtr #cards 5 size 8 Array Of Cards #cards 10 size 36 Howl #buckets 4 coarsen threshold 1843 Howl Bitmap #cards 512 size 80 coarsen threshold 460 Card regions per heap region 1 cards per card region 2048
 CPUs: 16 total, 16 available
 Memory: 5981M
 Large Page Support: Disabled
 NUMA Support: Disabled
 Compressed Oops: Enabled (32-bit)
 Heap Region Size: 1M
 Heap Min Capacity: 8M
 Heap Initial Capacity: 94M
 Heap Max Capacity: 2G
 Pre-touch: Disabled
 Parallel Workers: 13
 Concurrent Workers: 3
 Concurrent Refinement Workers: 13
 Periodic GC: Disabled

Heap:
 garbage-first heap   total reserved 2097152K, committed 227328K, used 221062K [0x0000000080000000, 0x0000000100000000)
  region size 1024K, 89 young (91136K), 4 survivors (4096K)

Heap Regions: E=young(eden), S=young(survivor), O=old, HS=humongous(starts), HC=humongous(continues), CS=collection set, F=free, TAMS=top-at-mark-start, PB=parsable bottom
|   0|0x0000000080000000, 0x0000000080100000, 0x0000000080100000|100%|HS|  |TAMS 0x0000000080000000| PB 0x0000000080000000| Complete |  0
|   1|0x0000000080100000, 0x0000000080200000, 0x0000000080200000|100%|HC|  |TAMS 0x0000000080100000| PB 0x0000000080100000| Complete |  0
|   2|0x0000000080200000, 0x0000000080300000, 0x0000000080300000|100%|HC|  |TAMS 0x0000000080200000| PB 0x0000000080200000| Complete |  0
|   3|0x0000000080300000, 0x0000000080400000, 0x0000000080400000|100%|HC|  |TAMS 0x0000000080300000| PB 0x0000000080300000| Complete |  0
|   4|0x0000000080400000, 0x0000000080500000, 0x0000000080500000|100%| O|  |TAMS 0x0000000080400000| PB 0x0000000080400000| Untracked |  0
|   5|0x0000000080500000, 0x0000000080600000, 0x0000000080600000|100%| O|  |TAMS 0x0000000080500000| PB 0x0000000080500000| Untracked |  0
|   6|0x0000000080600000, 0x0000000080700000, 0x0000000080700000|100%|HS|  |TAMS 0x0000000080600000| PB 0x0000000080600000| Complete |  0
|   7|0x0000000080700000, 0x0000000080800000, 0x0000000080800000|100%| O|  |TAMS 0x0000000080700000| PB 0x0000000080700000| Untracked |  0
|   8|0x0000000080800000, 0x0000000080900000, 0x0000000080900000|100%| O|  |TAMS 0x0000000080800000| PB 0x0000000080800000| Untracked |  0
|   9|0x0000000080900000, 0x0000000080a00000, 0x0000000080a00000|100%| O|  |TAMS 0x0000000080900000| PB 0x0000000080900000| Untracked |  0
|  10|0x0000000080a00000, 0x0000000080b00000, 0x0000000080b00000|100%| O|  |TAMS 0x0000000080a00000| PB 0x0000000080a00000| Untracked |  0
|  11|0x0000000080b00000, 0x0000000080c00000, 0x0000000080c00000|100%| O|  |TAMS 0x0000000080b00000| PB 0x0000000080b00000| Untracked |  0
|  12|0x0000000080c00000, 0x0000000080d00000, 0x0000000080d00000|100%| O|  |TAMS 0x0000000080c00000| PB 0x0000000080c00000| Untracked |  0
|  13|0x0000000080d00000, 0x0000000080e00000, 0x0000000080e00000|100%| O|  |TAMS 0x0000000080d00000| PB 0x0000000080d00000| Untracked |  0
|  14|0x0000000080e00000, 0x0000000080f00000, 0x0000000080f00000|100%| O|  |TAMS 0x0000000080e00000| PB 0x0000000080e00000| Untracked |  0
|  15|0x0000000080f00000, 0x0000000081000000, 0x0000000081000000|100%| O|  |TAMS 0x0000000080f00000| PB 0x0000000080f00000| Untracked |  0
|  16|0x0000000081000000, 0x0000000081100000, 0x0000000081100000|100%| O|  |TAMS 0x0000000081000000| PB 0x0000000081000000| Untracked |  0
|  17|0x0000000081100000, 0x0000000081200000, 0x0000000081200000|100%| O|  |TAMS 0x0000000081100000| PB 0x0000000081100000| Untracked |  0
|  18|0x0000000081200000, 0x0000000081300000, 0x0000000081300000|100%| O|  |TAMS 0x0000000081200000| PB 0x0000000081200000| Untracked |  0
|  19|0x0000000081300000, 0x0000000081400000, 0x0000000081400000|100%| O|  |TAMS 0x0000000081300000| PB 0x0000000081300000| Untracked |  0
|  20|0x0000000081400000, 0x0000000081500000, 0x0000000081500000|100%| O|  |TAMS 0x0000000081400000| PB 0x0000000081400000| Untracked |  0
|  21|0x0000000081500000, 0x0000000081600000, 0x0000000081600000|100%| O|  |TAMS 0x0000000081500000| PB 0x0000000081500000| Untracked |  0
|  22|0x0000000081600000, 0x0000000081700000, 0x0000000081700000|100%| O|  |TAMS 0x0000000081600000| PB 0x0000000081600000| Untracked |  0
|  23|0x0000000081700000, 0x0000000081800000, 0x0000000081800000|100%| O|  |TAMS 0x0000000081700000| PB 0x0000000081700000| Untracked |  0
|  24|0x0000000081800000, 0x0000000081900000, 0x0000000081900000|100%|HS|  |TAMS 0x0000000081800000| PB 0x0000000081800000| Complete |  0
|  25|0x0000000081900000, 0x0000000081a00000, 0x0000000081a00000|100%|HC|  |TAMS 0x0000000081900000| PB 0x0000000081900000| Complete |  0
|  26|0x0000000081a00000, 0x0000000081b00000, 0x0000000081b00000|100%|HC|  |TAMS 0x0000000081a00000| PB 0x0000000081a00000| Complete |  0
|  27|0x0000000081b00000, 0x0000000081c00000, 0x0000000081c00000|100%|HC|  |TAMS 0x0000000081b00000| PB 0x0000000081b00000| Complete |  0
|  28|0x0000000081c00000, 0x0000000081d00000, 0x0000000081d00000|100%|HC|  |TAMS 0x0000000081c00000| PB 0x0000000081c00000| Complete |  0
|  29|0x0000000081d00000, 0x0000000081e00000, 0x0000000081e00000|100%|HC|  |TAMS 0x0000000081d00000| PB 0x0000000081d00000| Complete |  0
|  30|0x0000000081e00000, 0x0000000081f00000, 0x0000000081f00000|100%|HS|  |TAMS 0x0000000081e00000| PB 0x0000000081e00000| Complete |  0
|  31|0x0000000081f00000, 0x0000000082000000, 0x0000000082000000|100%|HS|  |TAMS 0x0000000081f00000| PB 0x0000000081f00000| Complete |  0
|  32|0x0000000082000000, 0x0000000082100000, 0x0000000082100000|100%| O|  |TAMS 0x0000000082000000| PB 0x0000000082000000| Untracked |  0
|  33|0x0000000082100000, 0x0000000082200000, 0x0000000082200000|100%| O|  |TAMS 0x0000000082100000| PB 0x0000000082100000| Untracked |  0
|  34|0x0000000082200000, 0x0000000082300000, 0x0000000082300000|100%| O|  |TAMS 0x0000000082200000| PB 0x0000000082200000| Untracked |  0
|  35|0x0000000082300000, 0x0000000082400000, 0x0000000082400000|100%| O|  |TAMS 0x0000000082300000| PB 0x0000000082300000| Untracked |  0
|  36|0x0000000082400000, 0x0000000082500000, 0x0000000082500000|100%| O|  |TAMS 0x0000000082400000| PB 0x0000000082400000| Untracked |  0
|  37|0x0000000082500000, 0x0000000082600000, 0x0000000082600000|100%| O|  |TAMS 0x0000000082500000| PB 0x0000000082500000| Untracked |  0
|  38|0x0000000082600000, 0x0000000082700000, 0x0000000082700000|100%|HS|  |TAMS 0x0000000082600000| PB 0x0000000082600000| Complete |  0
|  39|0x0000000082700000, 0x0000000082800000, 0x0000000082800000|100%|HC|  |TAMS 0x0000000082700000| PB 0x0000000082700000| Complete |  0
|  40|0x0000000082800000, 0x0000000082900000, 0x0000000082900000|100%|HC|  |TAMS 0x0000000082800000| PB 0x0000000082800000| Complete |  0
|  41|0x0000000082900000, 0x0000000082a00000, 0x0000000082a00000|100%|HC|  |TAMS 0x0000000082900000| PB 0x0000000082900000| Complete |  0
|  42|0x0000000082a00000, 0x0000000082b00000, 0x0000000082b00000|100%|HC|  |TAMS 0x0000000082a00000| PB 0x0000000082a00000| Complete |  0
|  43|0x0000000082b00000, 0x0000000082c00000, 0x0000000082c00000|100%|HC|  |TAMS 0x0000000082b00000| PB 0x0000000082b00000| Complete |  0
|  44|0x0000000082c00000, 0x0000000082d00000, 0x0000000082d00000|100%|HS|  |TAMS 0x0000000082c00000| PB 0x0000000082c00000| Complete |  0
|  45|0x0000000082d00000, 0x0000000082e00000, 0x0000000082e00000|100%|HS|  |TAMS 0x0000000082d00000| PB 0x0000000082d00000| Complete |  0
|  46|0x0000000082e00000, 0x0000000082f00000, 0x0000000082f00000|100%| O|  |TAMS 0x0000000082e00000| PB 0x0000000082e00000| Untracked |  0
|  47|0x0000000082f00000, 0x0000000083000000, 0x0000000083000000|100%| O|  |TAMS 0x0000000082f00000| PB 0x0000000082f00000| Untracked |  0
|  48|0x0000000083000000, 0x0000000083100000, 0x0000000083100000|100%| O|  |TAMS 0x0000000083000000| PB 0x0000000083000000| Untracked |  0
|  49|0x0000000083100000, 0x0000000083200000, 0x0000000083200000|100%| O|  |TAMS 0x0000000083100000| PB 0x0000000083100000| Untracked |  0
|  50|0x0000000083200000, 0x0000000083300000, 0x0000000083300000|100%|HS|  |TAMS 0x0000000083200000| PB 0x0000000083200000| Complete |  0
|  51|0x0000000083300000, 0x0000000083400000, 0x0000000083400000|100%| O|  |TAMS 0x0000000083300000| PB 0x0000000083300000| Untracked |  0
|  52|0x0000000083400000, 0x0000000083500000, 0x0000000083500000|100%|HS|  |TAMS 0x0000000083400000| PB 0x0000000083400000| Complete |  0
|  53|0x0000000083500000, 0x0000000083600000, 0x0000000083600000|100%| O|  |TAMS 0x0000000083500000| PB 0x0000000083500000| Untracked |  0
|  54|0x0000000083600000, 0x0000000083700000, 0x0000000083700000|100%| O|  |TAMS 0x0000000083600000| PB 0x0000000083600000| Untracked |  0
|  55|0x0000000083700000, 0x0000000083800000, 0x0000000083800000|100%| O|  |TAMS 0x0000000083700000| PB 0x0000000083700000| Untracked |  0
|  56|0x0000000083800000, 0x0000000083900000, 0x0000000083900000|100%| O|  |TAMS 0x0000000083800000| PB 0x0000000083800000| Untracked |  0
|  57|0x0000000083900000, 0x0000000083a00000, 0x0000000083a00000|100%| O|  |TAMS 0x0000000083900000| PB 0x0000000083900000| Untracked |  0
|  58|0x0000000083a00000, 0x0000000083b00000, 0x0000000083b00000|100%| O|  |TAMS 0x0000000083a00000| PB 0x0000000083a00000| Untracked |  0
|  59|0x0000000083b00000, 0x0000000083c00000, 0x0000000083c00000|100%| O|  |TAMS 0x0000000083b00000| PB 0x0000000083b00000| Untracked |  0
|  60|0x0000000083c00000, 0x0000000083d00000, 0x0000000083d00000|100%| O|  |TAMS 0x0000000083c00000| PB 0x0000000083c00000| Untracked |  0
|  61|0x0000000083d00000, 0x0000000083e00000, 0x0000000083e00000|100%| O|  |TAMS 0x0000000083d00000| PB 0x0000000083d00000| Untracked |  0
|  62|0x0000000083e00000, 0x0000000083f00000, 0x0000000083f00000|100%| O|  |TAMS 0x0000000083e00000| PB 0x0000000083e00000| Untracked |  0
|  63|0x0000000083f00000, 0x0000000084000000, 0x0000000084000000|100%| O|  |TAMS 0x0000000083f00000| PB 0x0000000083f00000| Untracked |  0
|  64|0x0000000084000000, 0x0000000084100000, 0x0000000084100000|100%| O|  |TAMS 0x0000000084000000| PB 0x0000000084000000| Untracked |  0
|  65|0x0000000084100000, 0x0000000084200000, 0x0000000084200000|100%| O|  |TAMS 0x0000000084100000| PB 0x0000000084100000| Untracked |  0
|  66|0x0000000084200000, 0x0000000084300000, 0x0000000084300000|100%| O|  |TAMS 0x0000000084200000| PB 0x0000000084200000| Untracked |  0
|  67|0x0000000084300000, 0x0000000084400000, 0x0000000084400000|100%| O|  |TAMS 0x0000000084300000| PB 0x0000000084300000| Untracked |  0
|  68|0x0000000084400000, 0x0000000084500000, 0x0000000084500000|100%| O|  |TAMS 0x0000000084400000| PB 0x0000000084400000| Untracked |  0
|  69|0x0000000084500000, 0x0000000084600000, 0x0000000084600000|100%| O|  |TAMS 0x0000000084500000| PB 0x0000000084500000| Untracked |  0
|  70|0x0000000084600000, 0x0000000084700000, 0x0000000084700000|100%| O|  |TAMS 0x0000000084600000| PB 0x0000000084600000| Untracked |  0
|  71|0x0000000084700000, 0x0000000084800000, 0x0000000084800000|100%| O|  |TAMS 0x0000000084700000| PB 0x0000000084700000| Untracked |  0
|  72|0x0000000084800000, 0x0000000084900000, 0x0000000084900000|100%|HS|  |TAMS 0x0000000084800000| PB 0x0000000084800000| Complete |  0
|  73|0x0000000084900000, 0x0000000084a00000, 0x0000000084a00000|100%|HS|  |TAMS 0x0000000084900000| PB 0x0000000084900000| Complete |  0
|  74|0x0000000084a00000, 0x0000000084b00000, 0x0000000084b00000|100%|HC|  |TAMS 0x0000000084a00000| PB 0x0000000084a00000| Complete |  0
|  75|0x0000000084b00000, 0x0000000084c00000, 0x0000000084c00000|100%|HS|  |TAMS 0x0000000084b00000| PB 0x0000000084b00000| Complete |  0
|  76|0x0000000084c00000, 0x0000000084d00000, 0x0000000084d00000|100%|HS|  |TAMS 0x0000000084c00000| PB 0x0000000084c00000| Complete |  0
|  77|0x0000000084d00000, 0x0000000084e00000, 0x0000000084e00000|100%| O|Cm|TAMS 0x0000000084d00000| PB 0x0000000084d00000| Complete |  0
|  78|0x0000000084e00000, 0x0000000084f00000, 0x0000000084f00000|100%| O|  |TAMS 0x0000000084e00000| PB 0x0000000084e00000| Untracked |  0
|  79|0x0000000084f00000, 0x0000000085000000, 0x0000000085000000|100%|HS|  |TAMS 0x0000000084f00000| PB 0x0000000084f00000| Complete |  0
|  80|0x0000000085000000, 0x0000000085100000, 0x0000000085100000|100%| O|  |TAMS 0x0000000085000000| PB 0x0000000085000000| Untracked |  0
|  81|0x0000000085100000, 0x0000000085200000, 0x0000000085200000|100%|HS|  |TAMS 0x0000000085100000| PB 0x0000000085100000| Complete |  0
|  82|0x0000000085200000, 0x0000000085300000, 0x0000000085300000|100%|HS|  |TAMS 0x0000000085200000| PB 0x0000000085200000| Complete |  0
|  83|0x0000000085300000, 0x0000000085400000, 0x0000000085400000|100%| O|  |TAMS 0x0000000085300000| PB 0x0000000085300000| Untracked |  0
|  84|0x0000000085400000, 0x0000000085500000, 0x0000000085500000|100%| O|  |TAMS 0x0000000085400000| PB 0x0000000085400000| Untracked |  0
|  85|0x0000000085500000, 0x0000000085600000, 0x0000000085600000|100%|HS|  |TAMS 0x0000000085500000| PB 0x0000000085500000| Complete |  0
|  86|0x0000000085600000, 0x0000000085700000, 0x0000000085700000|100%|HC|  |TAMS 0x0000000085600000| PB 0x0000000085600000| Complete |  0
|  87|0x0000000085700000, 0x0000000085800000, 0x0000000085800000|100%| O|  |TAMS 0x0000000085700000| PB 0x0000000085700000| Untracked |  0
|  88|0x0000000085800000, 0x0000000085900000, 0x0000000085900000|100%| O|  |TAMS 0x0000000085800000| PB 0x0000000085800000| Untracked |  0
|  89|0x0000000085900000, 0x0000000085a00000, 0x0000000085a00000|100%| O|  |TAMS 0x0000000085900000| PB 0x0000000085900000| Untracked |  0
|  90|0x0000000085a00000, 0x0000000085b00000, 0x0000000085b00000|100%|HS|  |TAMS 0x0000000085a00000| PB 0x0000000085a00000| Complete |  0
|  91|0x0000000085b00000, 0x0000000085c00000, 0x0000000085c00000|100%| O|  |TAMS 0x0000000085b00000| PB 0x0000000085b00000| Untracked |  0
|  92|0x0000000085c00000, 0x0000000085d00000, 0x0000000085d00000|100%| O|  |TAMS 0x0000000085c00000| PB 0x0000000085c00000| Untracked |  0
|  93|0x0000000085d00000, 0x0000000085e00000, 0x0000000085e00000|100%| O|Cm|TAMS 0x0000000085d00000| PB 0x0000000085d00000| Complete |  0
|  94|0x0000000085e00000, 0x0000000085f00000, 0x0000000085f00000|100%| O|  |TAMS 0x0000000085e00000| PB 0x0000000085e00000| Untracked |  0
|  95|0x0000000085f00000, 0x0000000086000000, 0x0000000086000000|100%| O|  |TAMS 0x0000000085f00000| PB 0x0000000085f00000| Untracked |  0
|  96|0x0000000086000000, 0x0000000086100000, 0x0000000086100000|100%| O|  |TAMS 0x0000000086000000| PB 0x0000000086000000| Untracked |  0
|  97|0x0000000086100000, 0x0000000086200000, 0x0000000086200000|100%| O|  |TAMS 0x0000000086100000| PB 0x0000000086100000| Untracked |  0
|  98|0x0000000086200000, 0x0000000086300000, 0x0000000086300000|100%| O|  |TAMS 0x0000000086200000| PB 0x0000000086200000| Untracked |  0
|  99|0x0000000086300000, 0x0000000086400000, 0x0000000086400000|100%| O|  |TAMS 0x0000000086300000| PB 0x0000000086300000| Untracked |  0
| 100|0x0000000086400000, 0x0000000086500000, 0x0000000086500000|100%| O|  |TAMS 0x0000000086400000| PB 0x0000000086400000| Untracked |  0
| 101|0x0000000086500000, 0x0000000086600000, 0x0000000086600000|100%| O|  |TAMS 0x0000000086500000| PB 0x0000000086500000| Untracked |  0
| 102|0x0000000086600000, 0x0000000086700000, 0x0000000086700000|100%| O|  |TAMS 0x0000000086600000| PB 0x0000000086600000| Untracked |  0
| 103|0x0000000086700000, 0x0000000086800000, 0x0000000086800000|100%| O|  |TAMS 0x0000000086700000| PB 0x0000000086700000| Untracked |  0
| 104|0x0000000086800000, 0x0000000086900000, 0x0000000086900000|100%| O|  |TAMS 0x0000000086800000| PB 0x0000000086800000| Untracked |  0
| 105|0x0000000086900000, 0x0000000086a00000, 0x0000000086a00000|100%| O|  |TAMS 0x0000000086900000| PB 0x0000000086900000| Untracked |  0
| 106|0x0000000086a00000, 0x0000000086b00000, 0x0000000086b00000|100%|HS|  |TAMS 0x0000000086a00000| PB 0x0000000086a00000| Complete |  0
| 107|0x0000000086b00000, 0x0000000086c00000, 0x0000000086c00000|100%|HS|  |TAMS 0x0000000086b00000| PB 0x0000000086b00000| Complete |  0
| 108|0x0000000086c00000, 0x0000000086d00000, 0x0000000086d00000|100%|HS|  |TAMS 0x0000000086c00000| PB 0x0000000086c00000| Complete |  0
| 109|0x0000000086d00000, 0x0000000086e00000, 0x0000000086e00000|100%|HS|  |TAMS 0x0000000086d00000| PB 0x0000000086d00000| Complete |  0
| 110|0x0000000086e00000, 0x0000000086f00000, 0x0000000086f00000|100%|HS|  |TAMS 0x0000000086e00000| PB 0x0000000086e00000| Complete |  0
| 111|0x0000000086f00000, 0x0000000087000000, 0x0000000087000000|100%|HS|  |TAMS 0x0000000086f00000| PB 0x0000000086f00000| Complete |  0
| 112|0x0000000087000000, 0x0000000087100000, 0x0000000087100000|100%|HS|  |TAMS 0x0000000087000000| PB 0x0000000087000000| Complete |  0
| 113|0x0000000087100000, 0x0000000087200000, 0x0000000087200000|100%|HS|  |TAMS 0x0000000087100000| PB 0x0000000087100000| Complete |  0
| 114|0x0000000087200000, 0x0000000087300000, 0x0000000087300000|100%|HS|  |TAMS 0x0000000087200000| PB 0x0000000087200000| Complete |  0
| 115|0x0000000087300000, 0x0000000087400000, 0x0000000087400000|100%|HS|  |TAMS 0x0000000087300000| PB 0x0000000087300000| Complete |  0
| 116|0x0000000087400000, 0x00000000874b0d90, 0x0000000087500000| 69%| O|  |TAMS 0x0000000087400000| PB 0x0000000087400000| Untracked |  0
| 117|0x0000000087500000, 0x0000000087600000, 0x0000000087600000|100%| S|  |TAMS 0x0000000087500000| PB 0x0000000087500000| Complete |  0
| 118|0x0000000087600000, 0x0000000087700000, 0x0000000087700000|100%| S|  |TAMS 0x0000000087600000| PB 0x0000000087600000| Complete |  0
| 119|0x0000000087700000, 0x0000000087800000, 0x0000000087800000|100%| S|  |TAMS 0x0000000087700000| PB 0x0000000087700000| Complete |  0
| 120|0x0000000087800000, 0x0000000087900000, 0x0000000087900000|100%| E|CS|TAMS 0x0000000087800000| PB 0x0000000087800000| Complete |  0
| 121|0x0000000087900000, 0x0000000087a00000, 0x0000000087a00000|100%| E|CS|TAMS 0x0000000087900000| PB 0x0000000087900000| Complete |  0
| 122|0x0000000087a00000, 0x0000000087b00000, 0x0000000087b00000|100%| E|CS|TAMS 0x0000000087a00000| PB 0x0000000087a00000| Complete |  0
| 123|0x0000000087b00000, 0x0000000087c00000, 0x0000000087c00000|100%| E|CS|TAMS 0x0000000087b00000| PB 0x0000000087b00000| Complete |  0
| 124|0x0000000087c00000, 0x0000000087d00000, 0x0000000087d00000|100%| E|CS|TAMS 0x0000000087c00000| PB 0x0000000087c00000| Complete |  0
| 125|0x0000000087d00000, 0x0000000087e00000, 0x0000000087e00000|100%| E|CS|TAMS 0x0000000087d00000| PB 0x0000000087d00000| Complete |  0
| 126|0x0000000087e00000, 0x0000000087f00000, 0x0000000087f00000|100%| E|CS|TAMS 0x0000000087e00000| PB 0x0000000087e00000| Complete |  0
| 127|0x0000000087f00000, 0x0000000088000000, 0x0000000088000000|100%| E|CS|TAMS 0x0000000087f00000| PB 0x0000000087f00000| Complete |  0
| 128|0x0000000088000000, 0x0000000088100000, 0x0000000088100000|100%| E|CS|TAMS 0x0000000088000000| PB 0x0000000088000000| Complete |  0
| 129|0x0000000088100000, 0x0000000088200000, 0x0000000088200000|100%| E|CS|TAMS 0x0000000088100000| PB 0x0000000088100000| Complete |  0
| 130|0x0000000088200000, 0x0000000088300000, 0x0000000088300000|100%| E|CS|TAMS 0x0000000088200000| PB 0x0000000088200000| Complete |  0
| 131|0x0000000088300000, 0x0000000088400000, 0x0000000088400000|100%| E|CS|TAMS 0x0000000088300000| PB 0x0000000088300000| Complete |  0
| 132|0x0000000088400000, 0x0000000088500000, 0x0000000088500000|100%| E|CS|TAMS 0x0000000088400000| PB 0x0000000088400000| Complete |  0
| 133|0x0000000088500000, 0x0000000088600000, 0x0000000088600000|100%| E|CS|TAMS 0x0000000088500000| PB 0x0000000088500000| Complete |  0
| 134|0x0000000088600000, 0x0000000088700000, 0x0000000088700000|100%| E|CS|TAMS 0x0000000088600000| PB 0x0000000088600000| Complete |  0
| 135|0x0000000088700000, 0x0000000088800000, 0x0000000088800000|100%| E|CS|TAMS 0x0000000088700000| PB 0x0000000088700000| Complete |  0
| 136|0x0000000088800000, 0x0000000088900000, 0x0000000088900000|100%| E|CS|TAMS 0x0000000088800000| PB 0x0000000088800000| Complete |  0
| 137|0x0000000088900000, 0x0000000088a00000, 0x0000000088a00000|100%| E|CS|TAMS 0x0000000088900000| PB 0x0000000088900000| Complete |  0
| 138|0x0000000088a00000, 0x0000000088b00000, 0x0000000088b00000|100%| E|CS|TAMS 0x0000000088a00000| PB 0x0000000088a00000| Complete |  0
| 139|0x0000000088b00000, 0x0000000088c00000, 0x0000000088c00000|100%| E|CS|TAMS 0x0000000088b00000| PB 0x0000000088b00000| Complete |  0
| 140|0x0000000088c00000, 0x0000000088d00000, 0x0000000088d00000|100%| E|CS|TAMS 0x0000000088c00000| PB 0x0000000088c00000| Complete |  0
| 141|0x0000000088d00000, 0x0000000088e00000, 0x0000000088e00000|100%| E|CS|TAMS 0x0000000088d00000| PB 0x0000000088d00000| Complete |  0
| 142|0x0000000088e00000, 0x0000000088f00000, 0x0000000088f00000|100%| E|CS|TAMS 0x0000000088e00000| PB 0x0000000088e00000| Complete |  0
| 143|0x0000000088f00000, 0x0000000089000000, 0x0000000089000000|100%| E|CS|TAMS 0x0000000088f00000| PB 0x0000000088f00000| Complete |  0
| 144|0x0000000089000000, 0x0000000089100000, 0x0000000089100000|100%| E|CS|TAMS 0x0000000089000000| PB 0x0000000089000000| Complete |  0
| 145|0x0000000089100000, 0x0000000089200000, 0x0000000089200000|100%| E|CS|TAMS 0x0000000089100000| PB 0x0000000089100000| Complete |  0
| 146|0x0000000089200000, 0x0000000089300000, 0x0000000089300000|100%| E|CS|TAMS 0x0000000089200000| PB 0x0000000089200000| Complete |  0
| 147|0x0000000089300000, 0x0000000089400000, 0x0000000089400000|100%| E|CS|TAMS 0x0000000089300000| PB 0x0000000089300000| Complete |  0
| 148|0x0000000089400000, 0x0000000089500000, 0x0000000089500000|100%| E|CS|TAMS 0x0000000089400000| PB 0x0000000089400000| Complete |  0
| 149|0x0000000089500000, 0x0000000089600000, 0x0000000089600000|100%| E|CS|TAMS 0x0000000089500000| PB 0x0000000089500000| Complete |  0
| 150|0x0000000089600000, 0x0000000089700000, 0x0000000089700000|100%| E|CS|TAMS 0x0000000089600000| PB 0x0000000089600000| Complete |  0
| 151|0x0000000089700000, 0x0000000089800000, 0x0000000089800000|100%| E|CS|TAMS 0x0000000089700000| PB 0x0000000089700000| Complete |  0
| 152|0x0000000089800000, 0x0000000089900000, 0x0000000089900000|100%| E|CS|TAMS 0x0000000089800000| PB 0x0000000089800000| Complete |  0
| 153|0x0000000089900000, 0x0000000089a00000, 0x0000000089a00000|100%| E|CS|TAMS 0x0000000089900000| PB 0x0000000089900000| Complete |  0
| 154|0x0000000089a00000, 0x0000000089b00000, 0x0000000089b00000|100%| E|CS|TAMS 0x0000000089a00000| PB 0x0000000089a00000| Complete |  0
| 155|0x0000000089b00000, 0x0000000089c00000, 0x0000000089c00000|100%| E|CS|TAMS 0x0000000089b00000| PB 0x0000000089b00000| Complete |  0
| 156|0x0000000089c00000, 0x0000000089d00000, 0x0000000089d00000|100%| E|CS|TAMS 0x0000000089c00000| PB 0x0000000089c00000| Complete |  0
| 157|0x0000000089d00000, 0x0000000089e00000, 0x0000000089e00000|100%| E|CS|TAMS 0x0000000089d00000| PB 0x0000000089d00000| Complete |  0
| 158|0x0000000089e00000, 0x0000000089f00000, 0x0000000089f00000|100%| E|CS|TAMS 0x0000000089e00000| PB 0x0000000089e00000| Complete |  0
| 159|0x0000000089f00000, 0x000000008a000000, 0x000000008a000000|100%| E|CS|TAMS 0x0000000089f00000| PB 0x0000000089f00000| Complete |  0
| 160|0x000000008a000000, 0x000000008a100000, 0x000000008a100000|100%| E|CS|TAMS 0x000000008a000000| PB 0x000000008a000000| Complete |  0
| 161|0x000000008a100000, 0x000000008a200000, 0x000000008a200000|100%| E|CS|TAMS 0x000000008a100000| PB 0x000000008a100000| Complete |  0
| 162|0x000000008a200000, 0x000000008a300000, 0x000000008a300000|100%| E|CS|TAMS 0x000000008a200000| PB 0x000000008a200000| Complete |  0
| 163|0x000000008a300000, 0x000000008a400000, 0x000000008a400000|100%| E|CS|TAMS 0x000000008a300000| PB 0x000000008a300000| Complete |  0
| 164|0x000000008a400000, 0x000000008a500000, 0x000000008a500000|100%| E|CS|TAMS 0x000000008a400000| PB 0x000000008a400000| Complete |  0
| 165|0x000000008a500000, 0x000000008a600000, 0x000000008a600000|100%| E|CS|TAMS 0x000000008a500000| PB 0x000000008a500000| Complete |  0
| 166|0x000000008a600000, 0x000000008a700000, 0x000000008a700000|100%| E|CS|TAMS 0x000000008a600000| PB 0x000000008a600000| Complete |  0
| 167|0x000000008a700000, 0x000000008a800000, 0x000000008a800000|100%| E|CS|TAMS 0x000000008a700000| PB 0x000000008a700000| Complete |  0
| 168|0x000000008a800000, 0x000000008a900000, 0x000000008a900000|100%| E|CS|TAMS 0x000000008a800000| PB 0x000000008a800000| Complete |  0
| 169|0x000000008a900000, 0x000000008aa00000, 0x000000008aa00000|100%| E|CS|TAMS 0x000000008a900000| PB 0x000000008a900000| Complete |  0
| 170|0x000000008aa00000, 0x000000008ab00000, 0x000000008ab00000|100%| E|CS|TAMS 0x000000008aa00000| PB 0x000000008aa00000| Complete |  0
| 171|0x000000008ab00000, 0x000000008ac00000, 0x000000008ac00000|100%| E|CS|TAMS 0x000000008ab00000| PB 0x000000008ab00000| Complete |  0
| 172|0x000000008ac00000, 0x000000008ad00000, 0x000000008ad00000|100%| E|CS|TAMS 0x000000008ac00000| PB 0x000000008ac00000| Complete |  0
| 173|0x000000008ad00000, 0x000000008ae00000, 0x000000008ae00000|100%| E|CS|TAMS 0x000000008ad00000| PB 0x000000008ad00000| Complete |  0
| 174|0x000000008ae00000, 0x000000008af00000, 0x000000008af00000|100%| E|CS|TAMS 0x000000008ae00000| PB 0x000000008ae00000| Complete |  0
| 175|0x000000008af00000, 0x000000008b000000, 0x000000008b000000|100%| E|CS|TAMS 0x000000008af00000| PB 0x000000008af00000| Complete |  0
| 176|0x000000008b000000, 0x000000008b090df8, 0x000000008b100000| 56%| E|CS|TAMS 0x000000008b000000| PB 0x000000008b000000| Complete |  0
| 177|0x000000008b100000, 0x000000008b200000, 0x000000008b200000|100%| E|CS|TAMS 0x000000008b100000| PB 0x000000008b100000| Complete |  0
| 178|0x000000008b200000, 0x000000008b300000, 0x000000008b300000|100%| E|CS|TAMS 0x000000008b200000| PB 0x000000008b200000| Complete |  0
| 179|0x000000008b300000, 0x000000008b400000, 0x000000008b400000|100%| E|CS|TAMS 0x000000008b300000| PB 0x000000008b300000| Complete |  0
| 180|0x000000008b400000, 0x000000008b500000, 0x000000008b500000|100%| E|CS|TAMS 0x000000008b400000| PB 0x000000008b400000| Complete |  0
| 181|0x000000008b500000, 0x000000008b600000, 0x000000008b600000|100%| E|CS|TAMS 0x000000008b500000| PB 0x000000008b500000| Complete |  0
| 182|0x000000008b600000, 0x000000008b700000, 0x000000008b700000|100%| E|CS|TAMS 0x000000008b600000| PB 0x000000008b600000| Complete |  0
| 183|0x000000008b700000, 0x000000008b800000, 0x000000008b800000|100%| E|CS|TAMS 0x000000008b700000| PB 0x000000008b700000| Complete |  0
| 184|0x000000008b800000, 0x000000008b900000, 0x000000008b900000|100%| E|CS|TAMS 0x000000008b800000| PB 0x000000008b800000| Complete |  0
| 185|0x000000008b900000, 0x000000008ba00000, 0x000000008ba00000|100%| E|CS|TAMS 0x000000008b900000| PB 0x000000008b900000| Complete |  0
| 186|0x000000008ba00000, 0x000000008bb00000, 0x000000008bb00000|100%| E|CS|TAMS 0x000000008ba00000| PB 0x000000008ba00000| Complete |  0
| 187|0x000000008bb00000, 0x000000008bc00000, 0x000000008bc00000|100%| E|CS|TAMS 0x000000008bb00000| PB 0x000000008bb00000| Complete |  0
| 188|0x000000008bc00000, 0x000000008bd00000, 0x000000008bd00000|100%| E|CS|TAMS 0x000000008bc00000| PB 0x000000008bc00000| Complete |  0
| 189|0x000000008bd00000, 0x000000008be00000, 0x000000008be00000|100%| E|CS|TAMS 0x000000008bd00000| PB 0x000000008bd00000| Complete |  0
| 190|0x000000008be00000, 0x000000008bf00000, 0x000000008bf00000|100%| E|CS|TAMS 0x000000008be00000| PB 0x000000008be00000| Complete |  0
| 191|0x000000008bf00000, 0x000000008c000000, 0x000000008c000000|100%| E|CS|TAMS 0x000000008bf00000| PB 0x000000008bf00000| Complete |  0
| 192|0x000000008c000000, 0x000000008c100000, 0x000000008c100000|100%| E|CS|TAMS 0x000000008c000000| PB 0x000000008c000000| Complete |  0
| 193|0x000000008c100000, 0x000000008c200000, 0x000000008c200000|100%| E|CS|TAMS 0x000000008c100000| PB 0x000000008c100000| Complete |  0
| 194|0x000000008c200000, 0x000000008c300000, 0x000000008c300000|100%| E|CS|TAMS 0x000000008c200000| PB 0x000000008c200000| Complete |  0
| 195|0x000000008c300000, 0x000000008c400000, 0x000000008c400000|100%| E|CS|TAMS 0x000000008c300000| PB 0x000000008c300000| Complete |  0
| 196|0x000000008c400000, 0x000000008c500000, 0x000000008c500000|100%| E|CS|TAMS 0x000000008c400000| PB 0x000000008c400000| Complete |  0
| 197|0x000000008c500000, 0x000000008c600000, 0x000000008c600000|100%| E|CS|TAMS 0x000000008c500000| PB 0x000000008c500000| Complete |  0
| 198|0x000000008c600000, 0x000000008c700000, 0x000000008c700000|100%| E|CS|TAMS 0x000000008c600000| PB 0x000000008c600000| Complete |  0
| 199|0x000000008c700000, 0x000000008c800000, 0x000000008c800000|100%| E|CS|TAMS 0x000000008c700000| PB 0x000000008c700000| Complete |  0
| 200|0x000000008c800000, 0x000000008c900000, 0x000000008c900000|100%| E|CS|TAMS 0x000000008c800000| PB 0x000000008c800000| Complete |  0
| 201|0x000000008c900000, 0x000000008ca00000, 0x000000008ca00000|100%| E|CS|TAMS 0x000000008c900000| PB 0x000000008c900000| Complete |  0
| 202|0x000000008ca00000, 0x000000008cb00000, 0x000000008cb00000|100%| E|CS|TAMS 0x000000008ca00000| PB 0x000000008ca00000| Complete |  0
| 203|0x000000008cb00000, 0x000000008cc00000, 0x000000008cc00000|100%| E|CS|TAMS 0x000000008cb00000| PB 0x000000008cb00000| Complete |  0
| 204|0x000000008cc00000, 0x000000008cd00000, 0x000000008cd00000|100%| E|CS|TAMS 0x000000008cc00000| PB 0x000000008cc00000| Complete |  0
| 205|0x000000008cd00000, 0x000000008ce00000, 0x000000008ce00000|100%| E|CS|TAMS 0x000000008cd00000| PB 0x000000008cd00000| Complete |  0
| 206|0x000000008ce00000, 0x000000008cf00000, 0x000000008cf00000|100%| E|CS|TAMS 0x000000008ce00000| PB 0x000000008ce00000| Complete |  0
| 207|0x000000008cf00000, 0x000000008d000000, 0x000000008d000000|100%| E|CS|TAMS 0x000000008cf00000| PB 0x000000008cf00000| Complete |  0
| 208|0x000000008d000000, 0x000000008d100000, 0x000000008d100000|100%| E|CS|TAMS 0x000000008d000000| PB 0x000000008d000000| Complete |  0
| 209|0x000000008d100000, 0x000000008d200000, 0x000000008d200000|100%| E|CS|TAMS 0x000000008d100000| PB 0x000000008d100000| Complete |  0
| 210|0x000000008d200000, 0x000000008d300000, 0x000000008d300000|100%| S|  |TAMS 0x000000008d200000| PB 0x000000008d200000| Complete |  0
|2037|0x00000000ff500000, 0x00000000ff600000, 0x00000000ff600000|100%| E|CS|TAMS 0x00000000ff500000| PB 0x00000000ff500000| Complete |  0
|2038|0x00000000ff600000, 0x00000000ff700000, 0x00000000ff700000|100%| O|Cm|TAMS 0x00000000ff600000| PB 0x00000000ff600000| Complete |  0
|2039|0x00000000ff700000, 0x00000000ff800000, 0x00000000ff800000|100%| O|  |TAMS 0x00000000ff700000| PB 0x00000000ff700000| Untracked |  0
|2040|0x00000000ff800000, 0x00000000ff900000, 0x00000000ff900000|100%| O|  |TAMS 0x00000000ff800000| PB 0x00000000ff800000| Untracked |  0
|2041|0x00000000ff900000, 0x00000000ffa00000, 0x00000000ffa00000|100%| O|  |TAMS 0x00000000ff900000| PB 0x00000000ff900000| Untracked |  0
|2042|0x00000000ffa00000, 0x00000000ffb00000, 0x00000000ffb00000|100%| O|  |TAMS 0x00000000ffa00000| PB 0x00000000ffa00000| Untracked |  0
|2043|0x00000000ffb00000, 0x00000000ffc00000, 0x00000000ffc00000|100%| O|  |TAMS 0x00000000ffb00000| PB 0x00000000ffb00000| Untracked |  0
|2044|0x00000000ffc00000, 0x00000000ffd00000, 0x00000000ffd00000|100%| O|  |TAMS 0x00000000ffc00000| PB 0x00000000ffc00000| Untracked |  0
|2045|0x00000000ffd00000, 0x00000000ffe00000, 0x00000000ffe00000|100%| E|CS|TAMS 0x00000000ffd00000| PB 0x00000000ffd00000| Complete |  0
|2046|0x00000000ffe00000, 0x00000000fff00000, 0x00000000fff00000|100%| O|  |TAMS 0x00000000ffe00000| PB 0x00000000ffe00000| Untracked |  0
|2047|0x00000000fff00000, 0x0000000100000000, 0x0000000100000000|100%| O|  |TAMS 0x00000000fff00000| PB 0x00000000fff00000| Untracked |  0

Card table byte_map: [0x0000024ebb0c0000,0x0000024ebb4c0000] _byte_map_base: 0x0000024ebacc0000

Marking Bits: (CMBitMap*) 0x0000024ea7e9a3d0
 Bits: [0x0000024ebb4c0000, 0x0000024ebd4c0000)

Polling page: 0x0000024ea5a00000

Metaspace:
Metaspace        used 113096K, committed 115264K, reserved 1179648K
 class space     used 16468K, committed 17472K, reserved 1048576K

Usage:
  Non-class:     94.36 MB used.
      Class:     16.08 MB used.
       Both:    110.45 MB used.

Virtual space:
  Non-class space:      128.00 MB reserved,      95.50 MB ( 75%) committed,  2 nodes.
      Class space:        1.00 GB reserved,      17.06 MB (  2%) committed,  1 nodes.
             Both:        1.12 GB reserved,     112.56 MB ( 10%) committed. 

Chunk freelists:
   Non-Class:  448.00 KB
       Class:  14.95 MB
        Both:  15.39 MB

MaxMetaspaceSize: unlimited
CompressedClassSpaceSize: 1.00 GB
Initial GC threshold: 21.00 MB
Current GC threshold: 175.00 MB
CDS: off
 - commit_granule_bytes: 65536.
 - commit_granule_words: 8192.
 - virtual_space_node_default_size: 8388608.
 - enlarge_chunks_in_place: 1.
UseCompressedClassPointers 1, UseCompactObjectHeaders 0
Narrow klass pointer bits 32, Max shift 3
Narrow klass base: 0x0000000000000000, Narrow klass shift: 0
Encoding Range: [0x0000000000000000 - 0x0000000100000000), (4294967296 bytes)
Klass Range:    [0x0000000034000000 - 0x0000000074000000), (1073741824 bytes)
Klass ID Range:  [872415232 - 1946157049) (1073741817)
No protection zone.


Internal statistics:

num_allocs_failed_limit: 6.
num_arena_births: 4090.
num_arena_deaths: 0.
num_vsnodes_births: 3.
num_vsnodes_deaths: 0.
num_space_committed: 1799.
num_space_uncommitted: 0.
num_chunks_returned_to_freelist: 6.
num_chunks_taken_from_freelist: 8768.
num_chunk_merges: 6.
num_chunk_splits: 5842.
num_chunks_enlarged: 3809.
num_inconsistent_stats: 0.

CodeHeap 'non-profiled nmethods': size=119232Kb used=4264Kb max_used=4264Kb free=114967Kb
 bounds [0x0000024eb2ec0000, 0x0000024eb32f0000, 0x0000024eba330000]
CodeHeap 'profiled nmethods': size=119104Kb used=16044Kb max_used=16044Kb free=103060Kb
 bounds [0x0000024eab330000, 0x0000024eac2e0000, 0x0000024eb2780000]
CodeHeap 'non-nmethods': size=7424Kb used=3160Kb max_used=3266Kb free=4263Kb
 bounds [0x0000024eb2780000, 0x0000024eb2ad0000, 0x0000024eb2ec0000]
CodeCache: size=245760Kb, used=23468Kb, max_used=23574Kb, free=222290Kb
 total_blobs=12123, nmethods=11219, adapters=805, full_count=0
Compilation: enabled, stopped_count=0, restarted_count=0

Compilation events (20 events):
Event: 27.900 Thread 0x0000024ec080e100 13108       3       org.gradle.internal.snapshot.impl.FilteredTrackingMerkleDirectorySnapshotBuilder::enterDirectory (28 bytes)
Event: 27.901 Thread 0x0000024ec080e100 nmethod 13108 0x0000024eac2d2288 code [0x0000024eac2d2380, 0x0000024eac2d26c0]
Event: 27.910 Thread 0x0000024ec06a1390 13109   !   3       com.google.common.collect.MapMakerInternalMap$Segment::reclaimKey (137 bytes)
Event: 27.910 Thread 0x0000024ec54d1470 13110       3       com.google.common.collect.MapMakerInternalMap$Segment::removeFromChain (67 bytes)
Event: 27.911 Thread 0x0000024ec54d1470 nmethod 13110 0x0000024eac2d2708 code [0x0000024eac2d2800, 0x0000024eac2d2e40]
Event: 27.914 Thread 0x0000024ec06a1390 nmethod 13109 0x0000024eac2d2e88 code [0x0000024eac2d2f80, 0x0000024eac2d5d90]
Event: 27.914 Thread 0x0000024ec06a1390 13111       3       org.gradle.internal.snapshot.MerkleDirectorySnapshotBuilder::leaveDirectory (27 bytes)
Event: 27.914 Thread 0x0000024ec06a1390 nmethod 13111 0x0000024eac2d5e08 code [0x0000024eac2d5f00, 0x0000024eac2d6250]
Event: 27.920 Thread 0x0000024ec06a1390 13112       3       org.gradle.internal.snapshot.impl.FilteredTrackingMerkleDirectorySnapshotBuilder::leaveDirectory (90 bytes)
Event: 27.921 Thread 0x0000024ec06a1390 nmethod 13112 0x0000024eac2d6288 code [0x0000024eac2d6380, 0x0000024eac2d6d10]
Event: 27.921 Thread 0x0000024ec080e100 13113       3       org.gradle.internal.snapshot.impl.DirectorySnapshotter$PathVisitor::doPostVisitDirectory (84 bytes)
Event: 27.923 Thread 0x0000024ec080e100 nmethod 13113 0x0000024eac2d6d88 code [0x0000024eac2d6e80, 0x0000024eac2d8340]
Event: 27.924 Thread 0x0000024ec06a1390 13114   !   3       com.google.common.cache.LocalCache$Segment::runLockedCleanup (39 bytes)
Event: 27.926 Thread 0x0000024ec06a1390 nmethod 13114 0x0000024eac2d8388 code [0x0000024eac2d8480, 0x0000024eac2d90e8]
Event: 27.926 Thread 0x0000024ec06a1390 13115       3       org.gradle.cache.internal.btree.CachingBlockStore::read (56 bytes)
Event: 27.928 Thread 0x0000024ec06a1390 nmethod 13115 0x0000024eac2d9108 code [0x0000024eac2d9200, 0x0000024eac2da4d0]
Event: 28.120 Thread 0x0000024ec080e100 13118   !   3       sun.nio.fs.WindowsDirectoryStream::close (59 bytes)
Event: 28.121 Thread 0x0000024ec080e100 nmethod 13118 0x0000024eac2da508 code [0x0000024eac2da600, 0x0000024eac2dab48]
Event: 28.134 Thread 0x0000024ec54d1470 13119       3       java.nio.file.FileTreeWalker$Event::<init> (9 bytes)
Event: 28.135 Thread 0x0000024ec54d1470 nmethod 13119 0x0000024eac2dab88 code [0x0000024eac2dac80, 0x0000024eac2daf88]

GC Heap Usage History (20 events):
Event: 17.098 {heap Before GC invocations=29 (full 0):
 garbage-first heap   total reserved 2097152K, committed 138240K, used 128916K [0x0000000080000000, 0x0000000100000000)
  region size 1024K, 37 young (37888K), 6 survivors (6144K)
}
Event: 17.105 {heap After GC invocations=30 (full 0):
 garbage-first heap   total reserved 2097152K, committed 142336K, used 99852K [0x0000000080000000, 0x0000000100000000)
  region size 1024K, 4 young (4096K), 4 survivors (4096K)
}
Event: 17.786 {heap Before GC invocations=30 (full 0):
 garbage-first heap   total reserved 2097152K, committed 142336K, used 128524K [0x0000000080000000, 0x0000000100000000)
  region size 1024K, 33 young (33792K), 4 survivors (4096K)
}
Event: 17.791 {heap After GC invocations=31 (full 0):
 garbage-first heap   total reserved 2097152K, committed 142336K, used 100413K [0x0000000080000000, 0x0000000100000000)
  region size 1024K, 1 young (1024K), 1 survivors (1024K)
}
Event: 18.432 {heap Before GC invocations=32 (full 0):
 garbage-first heap   total reserved 2097152K, committed 168960K, used 131133K [0x0000000080000000, 0x0000000100000000)
  region size 1024K, 32 young (32768K), 1 survivors (1024K)
}
Event: 18.436 {heap After GC invocations=33 (full 0):
 garbage-first heap   total reserved 2097152K, committed 168960K, used 101127K [0x0000000080000000, 0x0000000100000000)
  region size 1024K, 2 young (2048K), 2 survivors (2048K)
}
Event: 19.503 {heap Before GC invocations=33 (full 0):
 garbage-first heap   total reserved 2097152K, committed 168960K, used 156423K [0x0000000080000000, 0x0000000100000000)
  region size 1024K, 55 young (56320K), 2 survivors (2048K)
}
Event: 19.511 {heap After GC invocations=34 (full 0):
 garbage-first heap   total reserved 2097152K, committed 168960K, used 103755K [0x0000000080000000, 0x0000000100000000)
  region size 1024K, 4 young (4096K), 4 survivors (4096K)
}
Event: 20.389 {heap Before GC invocations=34 (full 0):
 garbage-first heap   total reserved 2097152K, committed 168960K, used 145739K [0x0000000080000000, 0x0000000100000000)
  region size 1024K, 46 young (47104K), 4 survivors (4096K)
}
Event: 20.399 {heap After GC invocations=35 (full 0):
 garbage-first heap   total reserved 2097152K, committed 168960K, used 107745K [0x0000000080000000, 0x0000000100000000)
  region size 1024K, 8 young (8192K), 8 survivors (8192K)
}
Event: 21.265 {heap Before GC invocations=36 (full 0):
 garbage-first heap   total reserved 2097152K, committed 188416K, used 162017K [0x0000000080000000, 0x0000000100000000)
  region size 1024K, 56 young (57344K), 8 survivors (8192K)
}
Event: 21.277 {heap After GC invocations=37 (full 0):
 garbage-first heap   total reserved 2097152K, committed 188416K, used 113006K [0x0000000080000000, 0x0000000100000000)
  region size 1024K, 5 young (5120K), 5 survivors (5120K)
}
Event: 22.405 {heap Before GC invocations=37 (full 0):
 garbage-first heap   total reserved 2097152K, committed 188416K, used 170350K [0x0000000080000000, 0x0000000100000000)
  region size 1024K, 61 young (62464K), 5 survivors (5120K)
}
Event: 22.415 {heap After GC invocations=38 (full 0):
 garbage-first heap   total reserved 2097152K, committed 226304K, used 117531K [0x0000000080000000, 0x0000000100000000)
  region size 1024K, 6 young (6144K), 6 survivors (6144K)
}
Event: 23.792 {heap Before GC invocations=38 (full 0):
 garbage-first heap   total reserved 2097152K, committed 226304K, used 186139K [0x0000000080000000, 0x0000000100000000)
  region size 1024K, 73 young (74752K), 6 survivors (6144K)
}
Event: 23.801 {heap After GC invocations=39 (full 0):
 garbage-first heap   total reserved 2097152K, committed 226304K, used 119792K [0x0000000080000000, 0x0000000100000000)
  region size 1024K, 8 young (8192K), 8 survivors (8192K)
}
Event: 25.703 {heap Before GC invocations=39 (full 0):
 garbage-first heap   total reserved 2097152K, committed 226304K, used 205808K [0x0000000080000000, 0x0000000100000000)
  region size 1024K, 92 young (94208K), 8 survivors (8192K)
}
Event: 25.713 {heap After GC invocations=40 (full 0):
 garbage-first heap   total reserved 2097152K, committed 226304K, used 122656K [0x0000000080000000, 0x0000000100000000)
  region size 1024K, 6 young (6144K), 6 survivors (6144K)
}
Event: 26.256 {heap Before GC invocations=40 (full 0):
 garbage-first heap   total reserved 2097152K, committed 226304K, used 151328K [0x0000000080000000, 0x0000000100000000)
  region size 1024K, 35 young (35840K), 6 survivors (6144K)
}
Event: 26.265 {heap After GC invocations=41 (full 0):
 garbage-first heap   total reserved 2097152K, committed 226304K, used 123782K [0x0000000080000000, 0x0000000100000000)
  region size 1024K, 7 young (7168K), 7 survivors (7168K)
}

Metaspace Usage History (20 events):
Event: 17.098 {metaspace Before GC invocations=29 (full 0):
 Metaspace       used 75374K, committed 77312K, reserved 1114112K
  class space    used 11141K, committed 12032K, reserved 1048576K
}
Event: 17.105 {metaspace After GC invocations=30 (full 0):
 Metaspace       used 75374K, committed 77312K, reserved 1114112K
  class space    used 11141K, committed 12032K, reserved 1048576K
}
Event: 17.786 {metaspace Before GC invocations=30 (full 0):
 Metaspace       used 77722K, committed 79680K, reserved 1179648K
  class space    used 11395K, committed 12352K, reserved 1048576K
}
Event: 17.791 {metaspace After GC invocations=31 (full 0):
 Metaspace       used 77722K, committed 79680K, reserved 1179648K
  class space    used 11395K, committed 12352K, reserved 1048576K
}
Event: 18.432 {metaspace Before GC invocations=32 (full 0):
 Metaspace       used 80907K, committed 82880K, reserved 1179648K
  class space    used 11745K, committed 12672K, reserved 1048576K
}
Event: 18.436 {metaspace After GC invocations=33 (full 0):
 Metaspace       used 80907K, committed 82880K, reserved 1179648K
  class space    used 11745K, committed 12672K, reserved 1048576K
}
Event: 19.503 {metaspace Before GC invocations=33 (full 0):
 Metaspace       used 85210K, committed 87232K, reserved 1179648K
  class space    used 12426K, committed 13376K, reserved 1048576K
}
Event: 19.511 {metaspace After GC invocations=34 (full 0):
 Metaspace       used 85210K, committed 87232K, reserved 1179648K
  class space    used 12426K, committed 13376K, reserved 1048576K
}
Event: 20.389 {metaspace Before GC invocations=34 (full 0):
 Metaspace       used 88360K, committed 90432K, reserved 1179648K
  class space    used 12871K, committed 13824K, reserved 1048576K
}
Event: 20.399 {metaspace After GC invocations=35 (full 0):
 Metaspace       used 88360K, committed 90432K, reserved 1179648K
  class space    used 12871K, committed 13824K, reserved 1048576K
}
Event: 21.265 {metaspace Before GC invocations=36 (full 0):
 Metaspace       used 90562K, committed 92672K, reserved 1179648K
  class space    used 13195K, committed 14208K, reserved 1048576K
}
Event: 21.277 {metaspace After GC invocations=37 (full 0):
 Metaspace       used 90562K, committed 92672K, reserved 1179648K
  class space    used 13195K, committed 14208K, reserved 1048576K
}
Event: 22.405 {metaspace Before GC invocations=37 (full 0):
 Metaspace       used 93212K, committed 95296K, reserved 1179648K
  class space    used 13552K, committed 14528K, reserved 1048576K
}
Event: 22.415 {metaspace After GC invocations=38 (full 0):
 Metaspace       used 93212K, committed 95296K, reserved 1179648K
  class space    used 13552K, committed 14528K, reserved 1048576K
}
Event: 23.792 {metaspace Before GC invocations=38 (full 0):
 Metaspace       used 97721K, committed 99840K, reserved 1179648K
  class space    used 14227K, committed 15232K, reserved 1048576K
}
Event: 23.801 {metaspace After GC invocations=39 (full 0):
 Metaspace       used 97721K, committed 99840K, reserved 1179648K
  class space    used 14227K, committed 15232K, reserved 1048576K
}
Event: 25.703 {metaspace Before GC invocations=39 (full 0):
 Metaspace       used 103182K, committed 105344K, reserved 1179648K
  class space    used 15221K, committed 16256K, reserved 1048576K
}
Event: 25.713 {metaspace After GC invocations=40 (full 0):
 Metaspace       used 103182K, committed 105344K, reserved 1179648K
  class space    used 15221K, committed 16256K, reserved 1048576K
}
Event: 26.256 {metaspace Before GC invocations=40 (full 0):
 Metaspace       used 104932K, committed 107136K, reserved 1179648K
  class space    used 15475K, committed 16512K, reserved 1048576K
}
Event: 26.265 {metaspace After GC invocations=41 (full 0):
 Metaspace       used 104932K, committed 107136K, reserved 1179648K
  class space    used 15475K, committed 16512K, reserved 1048576K
}

Dll operation events (3 events):
Event: 0.022 Loaded shared library C:\Users\indie\AppData\Local\Programs\Android Studio\jbr\bin\java.dll
Event: 0.033 Loaded shared library C:\Users\indie\AppData\Local\Programs\Android Studio\jbr\bin\zip.dll
Event: 1.055 Loaded shared library C:\Users\indie\AppData\Local\Programs\Android Studio\jbr\bin\verify.dll

Deoptimization events (20 events):
Event: 27.739 Thread 0x0000024ec7c255e0 Uncommon trap: trap_request=0xffffffde fr.pc=0x0000024eb32baed4 relative=0x0000000000000854
Event: 27.739 Thread 0x0000024ec7c255e0 Uncommon trap: reason=class_check action=maybe_recompile pc=0x0000024eb32baed4 method=java.util.TreeMap.put(Ljava/lang/Object;Ljava/lang/Object;Z)Ljava/lang/Object; @ 118 c2
Event: 27.739 Thread 0x0000024ec7c255e0 DEOPT PACKING pc=0x0000024eb32baed4 sp=0x000000a1704f8eb0
Event: 27.739 Thread 0x0000024ec7c255e0 DEOPT UNPACKING pc=0x0000024eb2898582 sp=0x000000a1704f8e30 mode 2
Event: 27.778 Thread 0x0000024ec7c255e0 Uncommon trap: trap_request=0xffffff45 fr.pc=0x0000024eb3252080 relative=0x0000000000000400
Event: 27.778 Thread 0x0000024ec7c255e0 Uncommon trap: reason=unstable_if action=reinterpret pc=0x0000024eb3252080 method=com.google.common.cache.LocalCache$AccessQueue.peek()Lcom/google/common/cache/ReferenceEntry; @ 15 c2
Event: 27.778 Thread 0x0000024ec7c255e0 DEOPT PACKING pc=0x0000024eb3252080 sp=0x000000a1704f7b40
Event: 27.778 Thread 0x0000024ec7c255e0 DEOPT UNPACKING pc=0x0000024eb2898582 sp=0x000000a1704f79a8 mode 2
Event: 27.778 Thread 0x0000024ec7c255e0 Uncommon trap: trap_request=0xffffff45 fr.pc=0x0000024eb31964bc relative=0x000000000000393c
Event: 27.778 Thread 0x0000024ec7c255e0 Uncommon trap: reason=unstable_if action=reinterpret pc=0x0000024eb31964bc method=org.gradle.cache.internal.btree.BTreePersistentIndexedCache$1.create(Ljava/lang/Class;)Ljava/lang/Object; @ 3 c2
Event: 27.778 Thread 0x0000024ec7c255e0 DEOPT PACKING pc=0x0000024eb31964bc sp=0x000000a1704f7ed0
Event: 27.778 Thread 0x0000024ec7c255e0 DEOPT UNPACKING pc=0x0000024eb2898582 sp=0x000000a1704f7db8 mode 2
Event: 27.796 Thread 0x0000024ec7c255e0 Uncommon trap: trap_request=0xffffffde fr.pc=0x0000024eb2eecd84 relative=0x0000000000000484
Event: 27.796 Thread 0x0000024ec7c255e0 Uncommon trap: reason=class_check action=maybe_recompile pc=0x0000024eb2eecd84 method=java.util.Collections.indexedBinarySearch(Ljava/util/List;Ljava/lang/Object;Ljava/util/Comparator;)I @ 3 c2
Event: 27.796 Thread 0x0000024ec7c255e0 DEOPT PACKING pc=0x0000024eb2eecd84 sp=0x000000a1704f8e80
Event: 27.796 Thread 0x0000024ec7c255e0 DEOPT UNPACKING pc=0x0000024eb2898582 sp=0x000000a1704f8d28 mode 2
Event: 27.797 Thread 0x0000024ec7c255e0 Uncommon trap: trap_request=0xffffffec fr.pc=0x0000024eb3251258 relative=0x00000000000002d8
Event: 27.797 Thread 0x0000024ec7c255e0 Uncommon trap: reason=null_assert_or_unreached0 action=make_not_entrant pc=0x0000024eb3251258 method=com.google.common.cache.LocalCache.processPendingNotifications()V @ 9 c2
Event: 27.797 Thread 0x0000024ec7c255e0 DEOPT PACKING pc=0x0000024eb3251258 sp=0x000000a1704f81d0
Event: 27.797 Thread 0x0000024ec7c255e0 DEOPT UNPACKING pc=0x0000024eb2898582 sp=0x000000a1704f8168 mode 2

Classes loaded (20 events):
Event: 26.772 Loading class java/util/concurrent/atomic/AtomicIntegerFieldUpdater
Event: 26.773 Loading class java/util/concurrent/atomic/AtomicIntegerFieldUpdater done
Event: 26.773 Loading class java/util/concurrent/atomic/AtomicIntegerFieldUpdater$AtomicIntegerFieldUpdaterImpl
Event: 26.774 Loading class java/util/concurrent/atomic/AtomicIntegerFieldUpdater$AtomicIntegerFieldUpdaterImpl done
Event: 26.822 Loading class java/util/concurrent/ConcurrentLinkedQueue$Itr
Event: 26.822 Loading class java/util/concurrent/ConcurrentLinkedQueue$Itr done
Event: 27.242 Loading class java/io/CharArrayWriter
Event: 27.243 Loading class java/io/CharArrayWriter done
Event: 27.343 Loading class java/util/stream/ReduceOps$5
Event: 27.343 Loading class java/util/stream/ReduceOps$5 done
Event: 27.343 Loading class java/util/stream/ReduceOps$CountingSink$OfRef
Event: 27.344 Loading class java/util/stream/ReduceOps$CountingSink
Event: 27.344 Loading class java/util/stream/ReduceOps$CountingSink done
Event: 27.344 Loading class java/util/stream/ReduceOps$CountingSink$OfRef done
Event: 27.627 Loading class java/nio/file/DirectoryNotEmptyException
Event: 27.628 Loading class java/nio/file/DirectoryNotEmptyException done
Event: 27.686 Loading class java/io/PushbackInputStream
Event: 27.687 Loading class java/io/PushbackInputStream done
Event: 27.747 Loading class java/util/AbstractList$ListItr
Event: 27.748 Loading class java/util/AbstractList$ListItr done

Classes unloaded (0 events):
No events

Classes redefined (0 events):
No events

Internal exceptions (20 events):
Event: 27.574 Thread 0x0000024ec7c284c0 Exception <a 'java/lang/NoSuchMethodError'{0x00000000894537b8}: static Lorg/gradle/internal/build/event/types/DefaultTaskDescriptor;.<clinit>()V> (0x00000000894537b8) 
thrown [s\src\hotspot\share\prims\jni.cpp, line 1141]
Event: 27.582 Thread 0x0000024ec7c284c0 Exception <a 'java/lang/NoSuchMethodError'{0x000000008945e2c0}: static Lorg/gradle/internal/build/event/types/DefaultTaskFinishedProgressEvent;.<clinit>()V> (0x000000008945e2c0) 
thrown [s\src\hotspot\share\prims\jni.cpp, line 1141]
Event: 27.583 Thread 0x0000024ec7c284c0 Exception <a 'java/lang/NoSuchMethodError'{0x000000008946d568}: static Lorg/gradle/internal/build/event/types/DefaultTaskSuccessResult;.<clinit>()V> (0x000000008946d568) 
thrown [s\src\hotspot\share\prims\jni.cpp, line 1141]
Event: 27.584 Thread 0x0000024ec7c284c0 Exception <a 'java/lang/NoSuchMethodError'{0x000000008946ecc8}: static Lorg/gradle/internal/build/event/types/AbstractTaskResult;.<clinit>()V> (0x000000008946ecc8) 
thrown [s\src\hotspot\share\prims\jni.cpp, line 1141]
Event: 27.728 Thread 0x0000024ec7c255e0 Exception <a 'sun/nio/fs/WindowsException'{0x0000000088da35d0}> (0x0000000088da35d0) 
thrown [s\src\hotspot\share\prims\jni.cpp, line 535]
Event: 27.728 Thread 0x0000024ec7c255e0 Exception <a 'sun/nio/fs/WindowsException'{0x0000000088da4d40}> (0x0000000088da4d40) 
thrown [s\src\hotspot\share\prims\jni.cpp, line 535]
Event: 27.728 Thread 0x0000024ec7c255e0 Exception <a 'sun/nio/fs/WindowsException'{0x0000000088da64b0}> (0x0000000088da64b0) 
thrown [s\src\hotspot\share\prims\jni.cpp, line 535]
Event: 27.729 Thread 0x0000024ec7c255e0 Exception <a 'sun/nio/fs/WindowsException'{0x0000000088da7b90}> (0x0000000088da7b90) 
thrown [s\src\hotspot\share\prims\jni.cpp, line 535]
Event: 27.733 Thread 0x0000024ec7c255e0 Exception <a 'sun/nio/fs/WindowsException'{0x0000000088dadc18}> (0x0000000088dadc18) 
thrown [s\src\hotspot\share\prims\jni.cpp, line 535]
Event: 27.733 Thread 0x0000024ec7c255e0 Exception <a 'sun/nio/fs/WindowsException'{0x0000000088dafc70}> (0x0000000088dafc70) 
thrown [s\src\hotspot\share\prims\jni.cpp, line 535]
Event: 27.734 Thread 0x0000024ec7c255e0 Exception <a 'sun/nio/fs/WindowsException'{0x0000000088db1da0}> (0x0000000088db1da0) 
thrown [s\src\hotspot\share\prims\jni.cpp, line 535]
Event: 27.734 Thread 0x0000024ec7c255e0 Exception <a 'sun/nio/fs/WindowsException'{0x0000000088db4178}> (0x0000000088db4178) 
thrown [s\src\hotspot\share\prims\jni.cpp, line 535]
Event: 27.734 Thread 0x0000024ec7c255e0 Exception <a 'sun/nio/fs/WindowsException'{0x0000000088db6280}> (0x0000000088db6280) 
thrown [s\src\hotspot\share\prims\jni.cpp, line 535]
Event: 27.740 Thread 0x0000024ec9f91120 Exception <a 'java/lang/NoSuchMethodError'{0x0000000088c3a1e0}: 'void java.lang.invoke.DirectMethodHandle$Holder.invokeStatic(java.lang.Object, int)'> (0x0000000088c3a1e0) 
thrown [s\src\hotspot\share\interpreter\linkResolver.cpp, line 815]
Event: 27.740 Thread 0x0000024ec9f91120 Exception <a 'java/lang/NoSuchMethodError'{0x0000000088c3e180}: 'void java.lang.invoke.DirectMethodHandle$Holder.invokeStaticInit(java.lang.Object, int)'> (0x0000000088c3e180) 
thrown [s\src\hotspot\share\interpreter\linkResolver.cpp, line 815]
Event: 27.798 Thread 0x0000024ec7c255e0 Exception <a 'sun/nio/fs/WindowsException'{0x0000000088add870}> (0x0000000088add870) 
thrown [s\src\hotspot\share\prims\jni.cpp, line 535]
Event: 27.807 Thread 0x0000024ec7c255e0 Exception <a 'sun/nio/fs/WindowsException'{0x00000000889d08e8}> (0x00000000889d08e8) 
thrown [s\src\hotspot\share\prims\jni.cpp, line 535]
Event: 27.808 Thread 0x0000024ec7c255e0 Exception <a 'sun/nio/fs/WindowsException'{0x00000000889d94c0}> (0x00000000889d94c0) 
thrown [s\src\hotspot\share\prims\jni.cpp, line 535]
Event: 27.808 Thread 0x0000024ec7c255e0 Exception <a 'sun/nio/fs/WindowsException'{0x00000000889db420}> (0x00000000889db420) 
thrown [s\src\hotspot\share\prims\jni.cpp, line 535]
Event: 27.866 Thread 0x0000024ec7c255e0 Exception <a 'sun/nio/fs/WindowsException'{0x0000000088462ce0}> (0x0000000088462ce0) 
thrown [s\src\hotspot\share\prims\jni.cpp, line 535]

VM Operations (20 events):
Event: 27.419 Executing non-safepoint VM operation: HandshakeAllThreads (Deoptimize)
Event: 27.420 Executing non-safepoint VM operation: HandshakeAllThreads (Deoptimize) done
Event: 27.539 Executing non-safepoint VM operation: HandshakeAllThreads (Deoptimize)
Event: 27.539 Executing non-safepoint VM operation: HandshakeAllThreads (Deoptimize) done
Event: 27.569 Executing non-safepoint VM operation: HandshakeAllThreads (Deoptimize)
Event: 27.569 Executing non-safepoint VM operation: HandshakeAllThreads (Deoptimize) done
Event: 27.572 Executing non-safepoint VM operation: HandshakeAllThreads (Deoptimize)
Event: 27.572 Executing non-safepoint VM operation: HandshakeAllThreads (Deoptimize) done
Event: 27.580 Executing non-safepoint VM operation: HandshakeAllThreads (Deoptimize)
Event: 27.580 Executing non-safepoint VM operation: HandshakeAllThreads (Deoptimize) done
Event: 27.750 Executing non-safepoint VM operation: HandshakeAllThreads (Deoptimize)
Event: 27.750 Executing non-safepoint VM operation: HandshakeAllThreads (Deoptimize) done
Event: 27.875 Executing non-safepoint VM operation: HandshakeAllThreads (Deoptimize)
Event: 27.875 Executing non-safepoint VM operation: HandshakeAllThreads (Deoptimize) done
Event: 27.879 Executing non-safepoint VM operation: HandshakeAllThreads (Deoptimize)
Event: 27.879 Executing non-safepoint VM operation: HandshakeAllThreads (Deoptimize) done
Event: 27.886 Executing non-safepoint VM operation: HandshakeAllThreads (Deoptimize)
Event: 27.886 Executing non-safepoint VM operation: HandshakeAllThreads (Deoptimize) done
Event: 27.898 Executing non-safepoint VM operation: HandshakeAllThreads (Deoptimize)
Event: 27.898 Executing non-safepoint VM operation: HandshakeAllThreads (Deoptimize) done

Memory protections (0 events):
No events

Nmethod flushes (20 events):
Event: 26.358 Thread 0x0000024ec02b70e0 flushing  nmethod 0x0000024eaba49f88
Event: 26.358 Thread 0x0000024ec02b70e0 flushing  nmethod 0x0000024eaba4ee88
Event: 26.358 Thread 0x0000024ec02b70e0 flushing  nmethod 0x0000024eaba81508
Event: 26.358 Thread 0x0000024ec02b70e0 flushing  nmethod 0x0000024eabd39988
Event: 26.358 Thread 0x0000024ec02b70e0 flushing osr nmethod 0x0000024eabe99e88
Event: 26.358 Thread 0x0000024ec02b70e0 flushing  nmethod 0x0000024eabf4bb88
Event: 26.358 Thread 0x0000024ec02b70e0 flushing  nmethod 0x0000024eb30cdc08
Event: 26.358 Thread 0x0000024ec02b70e0 flushing  nmethod 0x0000024eb3175608
Event: 26.358 Thread 0x0000024ec02b70e0 flushing  nmethod 0x0000024eb3178b08
Event: 26.358 Thread 0x0000024ec02b70e0 flushing  nmethod 0x0000024eab370388
Event: 26.358 Thread 0x0000024ec02b70e0 flushing  nmethod 0x0000024eab405d08
Event: 26.358 Thread 0x0000024ec02b70e0 flushing  nmethod 0x0000024eab4a2708
Event: 26.358 Thread 0x0000024ec02b70e0 flushing  nmethod 0x0000024eab4a3008
Event: 26.358 Thread 0x0000024ec02b70e0 flushing  nmethod 0x0000024eab4f6c08
Event: 26.358 Thread 0x0000024ec02b70e0 flushing  nmethod 0x0000024eab52d708
Event: 26.358 Thread 0x0000024ec02b70e0 flushing  nmethod 0x0000024eab62cd08
Event: 26.358 Thread 0x0000024ec02b70e0 flushing  nmethod 0x0000024eab916d08
Event: 26.358 Thread 0x0000024ec02b70e0 flushing  nmethod 0x0000024eab959288
Event: 26.358 Thread 0x0000024ec02b70e0 flushing  nmethod 0x0000024eab9f4908
Event: 26.358 Thread 0x0000024ec02b70e0 flushing  nmethod 0x0000024eac019488

Events (20 events):
Event: 27.041 Thread 0x0000024ec7c255e0 Thread added: 0x0000024eca44a980
Event: 27.232 Thread 0x0000024eca44a980 Thread exited: 0x0000024eca44a980
Event: 27.430 Thread 0x0000024ec7c255e0 Thread added: 0x0000024eca4499e0
Event: 27.448 Thread 0x0000024eca4499e0 Thread added: 0x0000024eca449210
Event: 27.448 Thread 0x0000024eca4499e0 Thread added: 0x0000024eca44a1b0
Event: 27.448 Thread 0x0000024eca4499e0 Thread added: 0x0000024eca44d090
Event: 27.449 Thread 0x0000024eca4499e0 Thread added: 0x0000024ec927c890
Event: 27.449 Thread 0x0000024eca4499e0 Thread added: 0x0000024ec90392d0
Event: 27.449 Thread 0x0000024eca4499e0 Thread added: 0x0000024ec9f874e0
Event: 27.449 Thread 0x0000024eca4499e0 Thread added: 0x0000024ec9f85d70
Event: 27.449 Thread 0x0000024eca4499e0 Thread added: 0x0000024ec9f87cb0
Event: 27.449 Thread 0x0000024eca4499e0 Thread added: 0x0000024ec9f86d10
Event: 27.449 Thread 0x0000024eca4499e0 Thread added: 0x0000024ec9f89bf0
Event: 27.450 Thread 0x0000024eca4499e0 Thread added: 0x0000024ec9f86540
Event: 27.450 Thread 0x0000024eca4499e0 Thread added: 0x0000024ec9f8da70
Event: 27.450 Thread 0x0000024eca4499e0 Thread added: 0x0000024ec9f8c300
Event: 27.450 Thread 0x0000024eca4499e0 Thread added: 0x0000024ec9f8ab90
Event: 27.450 Thread 0x0000024eca4499e0 Thread added: 0x0000024ec9f8ea10
Event: 27.500 Thread 0x0000024eca4499e0 Thread added: 0x0000024ec9f90950
Event: 27.629 Thread 0x0000024ec7c255e0 Thread added: 0x0000024ec9f91120


Dynamic libraries:
0x00007ff6fcb80000 - 0x00007ff6fcb8a000 	C:\Users\indie\AppData\Local\Programs\Android Studio\jbr\bin\java.exe
0x00007ffeee7e0000 - 0x00007ffeeea47000 	C:\Windows\SYSTEM32\ntdll.dll
0x00007ffeecd90000 - 0x00007ffeece5b000 	C:\Windows\System32\KERNEL32.DLL
0x00007ffeeba70000 - 0x00007ffeebe72000 	C:\Windows\System32\KERNELBASE.dll
0x00007ffeec1b0000 - 0x00007ffeec2fc000 	C:\Windows\System32\ucrtbase.dll
0x00007ffeddca0000 - 0x00007ffeddcb6000 	C:\Users\indie\AppData\Local\Programs\Android Studio\jbr\bin\jli.dll
0x00007ffeec750000 - 0x00007ffeec91f000 	C:\Windows\System32\USER32.dll
0x00007ffee1660000 - 0x00007ffee167b000 	C:\Users\indie\AppData\Local\Programs\Android Studio\jbr\bin\VCRUNTIME140.dll
0x00007ffed8610000 - 0x00007ffed88a0000 	C:\Windows\WinSxS\amd64_microsoft.windows.common-controls_6595b64144ccf1df_6.0.26100.9278_none_3e0d1ba8e3303201\COMCTL32.dll
0x00007ffeec180000 - 0x00007ffeec1a7000 	C:\Windows\System32\win32u.dll
0x00007ffeedde0000 - 0x00007ffeede89000 	C:\Windows\System32\msvcrt.dll
0x00007ffeede90000 - 0x00007ffeedebb000 	C:\Windows\System32\GDI32.dll
0x00007ffeec3d0000 - 0x00007ffeec4f9000 	C:\Windows\System32\gdi32full.dll
0x00007ffeebf40000 - 0x00007ffeebfe3000 	C:\Windows\System32\msvcp_win.dll
0x00007ffeee630000 - 0x00007ffeee661000 	C:\Windows\System32\IMM32.DLL
0x00007ffee1680000 - 0x00007ffee168c000 	C:\Users\indie\AppData\Local\Programs\Android Studio\jbr\bin\vcruntime140_1.dll
0x00007ffecc2d0000 - 0x00007ffecc35d000 	C:\Users\indie\AppData\Local\Programs\Android Studio\jbr\bin\msvcp140.dll
0x00007ffe4d830000 - 0x00007ffe4e70a000 	C:\Users\indie\AppData\Local\Programs\Android Studio\jbr\bin\server\jvm.dll
0x00007ffeedec0000 - 0x00007ffeedf7c000 	C:\Windows\System32\ADVAPI32.dll
0x00007ffeec620000 - 0x00007ffeec6c9000 	C:\Windows\System32\sechost.dll
0x00007ffeec500000 - 0x00007ffeec618000 	C:\Windows\System32\RPCRT4.dll
0x00007ffeee710000 - 0x00007ffeee790000 	C:\Windows\System32\WS2_32.dll
0x00007ffeeb840000 - 0x00007ffeeb89e000 	C:\Windows\SYSTEM32\POWRPROF.dll
0x00007ffee3f30000 - 0x00007ffee3f66000 	C:\Windows\SYSTEM32\WINMM.dll
0x00007ffee3f70000 - 0x00007ffee3f7b000 	C:\Windows\SYSTEM32\VERSION.dll
0x00007ffeeb820000 - 0x00007ffeeb835000 	C:\Windows\SYSTEM32\UMPDC.dll
0x00007ffeea1c0000 - 0x00007ffeea1db000 	C:\Windows\SYSTEM32\kernel.appcore.dll
0x00007ffedf790000 - 0x00007ffedf79a000 	C:\Users\indie\AppData\Local\Programs\Android Studio\jbr\bin\jimage.dll
0x00007ffee8ac0000 - 0x00007ffee8d0c000 	C:\Windows\SYSTEM32\DBGHELP.DLL
0x00007ffeec930000 - 0x00007ffeeccb5000 	C:\Windows\System32\combase.dll
0x00007ffeedc00000 - 0x00007ffeedcd9000 	C:\Windows\System32\OLEAUT32.dll
0x00007ffecbd30000 - 0x00007ffecbd6b000 	C:\Windows\SYSTEM32\dbgcore.DLL
0x00007ffeebe80000 - 0x00007ffeebf2c000 	C:\Windows\System32\bcryptPrimitives.dll
0x00007ffee16d0000 - 0x00007ffee16de000 	C:\Users\indie\AppData\Local\Programs\Android Studio\jbr\bin\instrument.dll
0x00007ffed3a90000 - 0x00007ffed3aaf000 	C:\Users\indie\AppData\Local\Programs\Android Studio\jbr\bin\java.dll
0x00007ffeee490000 - 0x00007ffeee62a000 	C:\Windows\System32\ole32.dll
0x00007ffeece60000 - 0x00007ffeed5f8000 	C:\Windows\System32\SHELL32.dll
0x00007ffed39f0000 - 0x00007ffed3a07000 	C:\Users\indie\AppData\Local\Programs\Android Studio\jbr\bin\zip.dll
0x00007ffee8f40000 - 0x00007ffee97ee000 	C:\Windows\SYSTEM32\windows.storage.dll
0x00007ffeed730000 - 0x00007ffeed82b000 	C:\Windows\System32\SHCORE.dll
0x00007ffeed650000 - 0x00007ffeed6b6000 	C:\Windows\System32\shlwapi.dll
0x00007ffeeb900000 - 0x00007ffeeb929000 	C:\Windows\SYSTEM32\profapi.dll
0x00007ffedf780000 - 0x00007ffedf790000 	C:\Users\indie\AppData\Local\Programs\Android Studio\jbr\bin\net.dll
0x00007ffeea780000 - 0x00007ffeea7ec000 	C:\Windows\system32\mswsock.dll
0x00007ffed1b60000 - 0x00007ffed1b76000 	C:\Users\indie\AppData\Local\Programs\Android Studio\jbr\bin\nio.dll
0x00007ffeddba0000 - 0x00007ffeddbb0000 	C:\Users\indie\AppData\Local\Programs\Android Studio\jbr\bin\verify.dll
0x00007ffed1790000 - 0x00007ffed17b7000 	C:\Users\indie\.gradle\native\660c5614fbf4a5f2a75b1949f50a0caf5cd603558e7d8a26e50b933a0cfb79d1\windows-amd64\native-platform.dll
0x00007ffea6bc0000 - 0x00007ffea6c37000 	C:\Users\indie\.gradle\native\0.2.8\x86_64-windows-gnu\gradle-fileevents.dll
0x00007ffede9f0000 - 0x00007ffede9f9000 	C:\Users\indie\AppData\Local\Programs\Android Studio\jbr\bin\management.dll
0x00007ffede9d0000 - 0x00007ffede9db000 	C:\Users\indie\AppData\Local\Programs\Android Studio\jbr\bin\management_ext.dll
0x00007ffeedff0000 - 0x00007ffeedff8000 	C:\Windows\System32\PSAPI.DLL
0x00007ffee9bc0000 - 0x00007ffee9bf3000 	C:\Windows\SYSTEM32\IPHLPAPI.DLL
0x00007ffeee700000 - 0x00007ffeee70a000 	C:\Windows\System32\NSI.dll
0x00007ffedf710000 - 0x00007ffedf719000 	C:\Users\indie\AppData\Local\Programs\Android Studio\jbr\bin\extnet.dll
0x00007ffeeaa70000 - 0x00007ffeeaa8b000 	C:\Windows\SYSTEM32\CRYPTSP.dll
0x00007ffeea120000 - 0x00007ffeea159000 	C:\Windows\system32\rsaenh.dll
0x00007ffeea830000 - 0x00007ffeea864000 	C:\Windows\SYSTEM32\USERENV.dll
0x00007ffeeb8d0000 - 0x00007ffeeb8fa000 	C:\Windows\SYSTEM32\bcrypt.dll
0x00007ffeeaa90000 - 0x00007ffeeaa9c000 	C:\Windows\SYSTEM32\CRYPTBASE.dll
0x00007ffeeaf30000 - 0x00007ffeeaf38000 	C:\Windows\system32\wshunix.dll

JVMTI agents:
C:\Users\indie\.gradle\wrapper\dists\gradle-9.5.0-bin\bvnork1r7n8i6kp5cnkibsc9q\gradle-9.5.0\lib\agents\gradle-instrumentation-agent-9.5.0.jar path:C:\Users\indie\AppData\Local\Programs\Android Studio\jbr\bin\instrument.dll, loaded, initialized, instrumentlib options:none

dbghelp: loaded successfully - version: 4.0.5 - missing functions: none
symbol engine: initialized successfully - sym options: 0x614 - pdb path: .;C:\Users\indie\AppData\Local\Programs\Android Studio\jbr\bin;C:\Windows\SYSTEM32;C:\Windows\WinSxS\amd64_microsoft.windows.common-controls_6595b64144ccf1df_6.0.26100.9278_none_3e0d1ba8e3303201;C:\Users\indie\AppData\Local\Programs\Android Studio\jbr\bin\server;C:\Users\indie\.gradle\native\660c5614fbf4a5f2a75b1949f50a0caf5cd603558e7d8a26e50b933a0cfb79d1\windows-amd64;C:\Users\indie\.gradle\native\0.2.8\x86_64-windows-gnu

VM Arguments:
jvm_args: --add-opens=java.base/java.lang=ALL-UNNAMED --add-opens=java.base/java.lang.invoke=ALL-UNNAMED --add-opens=java.base/java.util=ALL-UNNAMED --add-opens=java.prefs/java.util.prefs=ALL-UNNAMED --add-exports=jdk.compiler/com.sun.tools.javac.api=ALL-UNNAMED --add-exports=jdk.compiler/com.sun.tools.javac.util=ALL-UNNAMED --add-opens=java.base/java.nio.charset=ALL-UNNAMED --add-opens=java.base/java.net=ALL-UNNAMED --add-opens=java.base/java.util.concurrent=ALL-UNNAMED --add-opens=java.base/java.util.concurrent.atomic=ALL-UNNAMED --add-opens=java.xml/javax.xml.namespace=ALL-UNNAMED --add-opens=java.base/java.time=ALL-UNNAMED --enable-native-access=ALL-UNNAMED -Xmx2048m -Dfile.encoding=UTF-8 -Duser.country=ZA -Duser.language=en -Duser.variant -javaagent:C:\Users\indie\.gradle\wrapper\dists\gradle-9.5.0-bin\bvnork1r7n8i6kp5cnkibsc9q\gradle-9.5.0\lib\agents\gradle-instrumentation-agent-9.5.0.jar 
java_command: org.gradle.launcher.daemon.bootstrap.GradleDaemon 9.5.0
java_class_path (initial): C:\Users\indie\.gradle\wrapper\dists\gradle-9.5.0-bin\bvnork1r7n8i6kp5cnkibsc9q\gradle-9.5.0\lib\gradle-daemon-main-9.5.0.jar
Launcher Type: SUN_STANDARD

[Global flags]
     intx CICompilerCount                          = 12                                        {product} {ergonomic}
     uint ConcGCThreads                            = 3                                         {product} {ergonomic}
     uint G1ConcRefinementThreads                  = 13                                        {product} {ergonomic}
   size_t G1HeapRegionSize                         = 1048576                                   {product} {ergonomic}
   size_t InitialHeapSize                          = 98566144                                  {product} {ergonomic}
   size_t MarkStackSize                            = 4194304                                   {product} {ergonomic}
   size_t MarkStackSizeMax                         = 536870912                                 {product} {ergonomic}
   size_t MaxHeapSize                              = 2147483648                                {product} {command line}
   size_t MaxNewSize                               = 1287651328                                {product} {ergonomic}
   size_t MinHeapDeltaBytes                        = 1048576                                   {product} {ergonomic}
   size_t MinHeapSize                              = 8388608                                   {product} {ergonomic}
    uintx NonNMethodCodeHeapSize                   = 7602176                                {pd product} {ergonomic}
    uintx NonProfiledCodeHeapSize                  = 122093568                              {pd product} {ergonomic}
    uintx ProfiledCodeHeapSize                     = 121962496                              {pd product} {ergonomic}
    uintx ReservedCodeCacheSize                    = 251658240                              {pd product} {ergonomic}
     bool SegmentedCodeCache                       = true                                      {product} {ergonomic}
   size_t SoftMaxHeapSize                          = 2147483648                             {manageable} {ergonomic}
     bool UseCompressedOops                        = true                           {product lp64_product} {ergonomic}
     bool UseG1GC                                  = true                                      {product} {ergonomic}
     bool UseLargePagesIndividualAllocation        = false                                  {pd product} {ergonomic}

Logging:
Log output configuration:
 #0: stdout all=warning uptime,level,tags foldmultilines=false
 #1: stderr all=off uptime,level,tags foldmultilines=false

Release file:
JAVA_VERSION="25.0.2" 
MODULES="java.base java.compiler java.datatransfer java.xml java.prefs java.desktop java.instrument java.logging java.management java.security.sasl java.naming java.rmi java.management.rmi java.net.http java.scripting java.security.jgss java.transaction.xa java.sql java.sql.rowset java.xml.crypto java.se java.smartcardio jdk.accessibility jdk.internal.jvmstat jdk.attach jdk.charsets jdk.internal.opt jdk.zipfs jdk.compiler jdk.crypto.cryptoki jdk.crypto.ec jdk.dynalink jdk.hotspot.agent jdk.httpserver jdk.internal.ed jdk.internal.le jdk.internal.md jdk.internal.vm.ci jdk.jartool jdk.javadoc jdk.jcmd jdk.jdeps jdk.jdwp.agent jdk.jdi jdk.jfr jdk.jlink jdk.localedata jdk.management jdk.management.agent jdk.management.jfr jdk.naming.dns jdk.naming.rmi jdk.net jdk.sctp jdk.security.auth jdk.security.jgss jdk.unsupported jdk.unsupported.desktop jdk.xml.dom" 
IMPLEMENTOR="JetBrains s.r.o." 
JAVA_RUNTIME_VERSION="25.0.2+-15348964-b329.117" 
LIBC="default" 
OS_ARCH="x86_64" 
OS_NAME="Windows" 
SOURCE=".:git:3cf398e84a39" 

Environment Variables:
JAVA_HOME=C:\Program Files\Microsoft\jdk-17.0.16.8-hotspot\
PATH=C:\Users\indie\AppData\Local\Programs\Python\Python314\Scripts\;C:\Users\indie\AppData\Local\Programs\Python\Python314\;C:\Program Files\Microsoft\jdk-17.0.16.8-hotspot\bin;C:\Python313\Scripts\;C:\Python313\;C:\Windows\system32;C:\Windows;C:\Windows\System32\Wbem;C:\Windows\System32\WindowsPowerShell\v1.0\;C:\Windows\System32\OpenSSH\;C:\ProgramData\chocolatey\bin;C:\Program Files\Git\cmd;C:\Program Files\Amazon\AWSCLIV2\;C:\Program Files\nodejs\;C:\Users\indie\AppData\Local\Programs\Python\Launcher\;C:\Users\indie\AppData\Local\Microsoft\WindowsApps;C:\Users\indie\AppData\Local\Programs\Microsoft VS Code\bin;C:\Program Files\JetBrains\WebStorm 2025.1.3\bin;C:\Users\indie\AppData\Local\Android\Sdk\platform-tools;C:\Users\indie\.bun\bin;C:\Users\indie\Documents\sqlite3;C:\Users\indie\AppData\Local\JetBrains\Toolbox\scripts;C:\Users\indie\AppData\Roaming\npm
USERNAME=indie
OS=Windows_NT
PROCESSOR_IDENTIFIER=AMD64 Family 25 Model 80 Stepping 0, AuthenticAMD
TMP=C:\Users\indie\AppData\Local\Temp
TEMP=C:\Users\indie\AppData\Local\Temp




Compilation memory statistics disabled.

Periodic native trim disabled

JNI global refs:
JNI global refs: 31, weak refs: 7

JNI global refs memory usage: 835, weak refs: 833

Process memory usage:
Resident Set Size: 383272K (6% of 6124928K total physical memory with 162312K free physical memory)

OOME stack traces (most recent first):
Classloader memory used:
Loader org.gradle.internal.classloader.VisitableURLClassLoader                         : 42927 K
Loader org.gradle.internal.classloader.VisitableURLClassLoader$InstrumentingVisitableURLClassLoader: 29416 K
Loader bootstrap                                                                       : 25934 K
Loader org.gradle.initialization.MixInLegacyTypesClassLoader                           : 12354 K
Loader org.gradle.internal.classloader.VisitableURLClassLoader                         : 2040 K
Loader jdk.internal.loader.ClassLoaders$AppClassLoader                                 : 186 K
Loader jdk.internal.loader.ClassLoaders$PlatformClassLoader                            : 149 K
Loader org.gradle.groovy.scripts.internal.DefaultScriptCompilationHandler$ScriptClassLoader: 89696 B

