#
# There is insufficient memory for the Java Runtime Environment to continue.
# Native memory allocation (malloc) failed to allocate 1341208 bytes. Error detail: Chunk::new
# Possible reasons:
#   The system is out of physical RAM or swap space
#   This process is running with CompressedOops enabled, and the Java Heap may be blocking the growth of the native heap
# Possible solutions:
#   Reduce memory load on the system
#   Increase physical memory or swap space
#   Check if swap backing store is full
#   Decrease Java heap size (-Xmx/-Xms)
#   Decrease number of Java threads
#   Decrease Java thread stack sizes (-Xss)
#   Set larger code cache with -XX:ReservedCodeCacheSize=
#   JVM is running with Unscaled Compressed Oops mode in which the Java heap is
#     placed in the first 4GB address space. The Java Heap base address is the
#     maximum limit for the native heap growth. Please use -XX:HeapBaseMinAddress
#     to set the Java Heap base and to place the Java Heap above 4GB virtual address.
# This output file may be truncated or incomplete.
#
#  Out of Memory Error (arena.cpp:186), pid=20360, tid=16212
#
# JRE version: OpenJDK Runtime Environment (25.0.2) (build 25.0.2+-15348964-b329.117)
# Java VM: OpenJDK 64-Bit Server VM (25.0.2+-15348964-b329.117, mixed mode, tiered, compressed oops, compressed class ptrs, g1 gc, windows-amd64)
# No core dump will be written. Minidumps are not enabled by default on client versions of Windows
#

---------------  S U M M A R Y ------------

Command Line: --add-opens=java.base/java.lang=ALL-UNNAMED --add-opens=java.base/java.lang.invoke=ALL-UNNAMED --add-opens=java.base/java.util=ALL-UNNAMED --add-opens=java.prefs/java.util.prefs=ALL-UNNAMED --add-exports=jdk.compiler/com.sun.tools.javac.api=ALL-UNNAMED --add-exports=jdk.compiler/com.sun.tools.javac.util=ALL-UNNAMED --add-opens=java.base/java.nio.charset=ALL-UNNAMED --add-opens=java.base/java.net=ALL-UNNAMED --add-opens=java.base/java.util.concurrent=ALL-UNNAMED --add-opens=java.base/java.util.concurrent.atomic=ALL-UNNAMED --add-opens=java.xml/javax.xml.namespace=ALL-UNNAMED --add-opens=java.base/java.time=ALL-UNNAMED --enable-native-access=ALL-UNNAMED -Xmx2048m -Dfile.encoding=UTF-8 -Duser.country=ZA -Duser.language=en -Duser.variant -javaagent:C:\Users\indie\.gradle\wrapper\dists\gradle-9.5.0-bin\bvnork1r7n8i6kp5cnkibsc9q\gradle-9.5.0\lib\agents\gradle-instrumentation-agent-9.5.0.jar org.gradle.launcher.daemon.bootstrap.GradleDaemon 9.5.0

Host: AMD Ryzen 7 7730U with Radeon Graphics         , 16 cores, 5G,  Windows 11 , 64 bit Build 26100 (10.0.26100.9444)
Time: Mon Sep 21 20:53:52 2026 South Africa Standard Time elapsed time: 5.076046 seconds (0d 0h 0m 5s)

---------------  T H R E A D  ---------------

Current thread (0x0000028ba4c0ece0):  JavaThread "C2 CompilerThread0" daemon [_thread_in_native, id=16212, stack(0x000000f037100000,0x000000f037200000) (1024K)]


Current CompileTask:
C2:5076 3091   !   4       java.util.concurrent.ConcurrentHashMap::putVal (432 bytes)

Stack: [0x000000f037100000,0x000000f037200000]
Native frames: (J=compiled Java code, j=interpreted, Vv=VM code, C=native code)
V  [jvm.dll+0x7bd439]  (no source info available)
V  [jvm.dll+0x78763d]  (no source info available)
V  [jvm.dll+0xa0c885]  (no source info available)
V  [jvm.dll+0xa0ef04]  (no source info available)
V  [jvm.dll+0xa0f603]  (no source info available)
V  [jvm.dll+0x309bf6]  (no source info available)
V  [jvm.dll+0x10ea69]  (no source info available)
V  [jvm.dll+0x10ed92]  (no source info available)
V  [jvm.dll+0x1a9837]  (no source info available)
V  [jvm.dll+0x3bec92]  (no source info available)
V  [jvm.dll+0x7c2cb7]  (no source info available)
V  [jvm.dll+0x2ce046]  (no source info available)
V  [jvm.dll+0x2cd221]  (no source info available)
V  [jvm.dll+0x242ffa]  (no source info available)
V  [jvm.dll+0x2dcc05]  (no source info available)
V  [jvm.dll+0x2dae06]  (no source info available)
V  [jvm.dll+0x49b59e]  (no source info available)
V  [jvm.dll+0x9ab9c8]  (no source info available)
V  [jvm.dll+0x7bb985]  (no source info available)
C  [ucrtbase.dll+0x2cd30]  (no source info available)
C  [KERNEL32.DLL+0x2cd87]  (no source info available)
C  [ntdll.dll+0xacaec]  (no source info available)

Lock stack of current Java thread (top to bottom):


---------------  P R O C E S S  ---------------

Threads class SMR info:
_java_thread_list=0x0000028bac8be9b0, length=23, elements={
0x0000028b8c82f920, 0x0000028ba4bd9a30, 0x0000028ba4bf7e90, 0x0000028ba4c01e00,
0x0000028ba4c04aa0, 0x0000028ba4c05880, 0x0000028ba4c07fc0, 0x0000028ba4c0b700,
0x0000028ba4c0ece0, 0x0000028ba4c169c0, 0x0000028ba51fc130, 0x0000028ba50877a0,
0x0000028ba56f1a40, 0x0000028ba5089eb0, 0x0000028ba508ae50, 0x0000028bac454e00,
0x0000028bac456570, 0x0000028bac455da0, 0x0000028bac885830, 0x0000028bac887770,
0x0000028bac888ee0, 0x0000028bac8896b0, 0x0000028bac889e80
}

Java Threads: ( => current thread )
  0x0000028b8c82f920 JavaThread "main"                              [_thread_blocked, id=4772, stack(0x000000f036200000,0x000000f036300000) (1024K)]
  0x0000028ba4bd9a30 JavaThread "Common-Cleaner"             daemon [_thread_blocked, id=18184, stack(0x000000f036a00000,0x000000f036b00000) (1024K)]
  0x0000028ba4bf7e90 JavaThread "Reference Handler"          daemon [_thread_blocked, id=29056, stack(0x000000f036b00000,0x000000f036c00000) (1024K)]
  0x0000028ba4c01e00 JavaThread "Finalizer"                  daemon [_thread_blocked, id=15744, stack(0x000000f036c00000,0x000000f036d00000) (1024K)]
  0x0000028ba4c04aa0 JavaThread "Signal Dispatcher"          daemon [_thread_blocked, id=19636, stack(0x000000f036d00000,0x000000f036e00000) (1024K)]
  0x0000028ba4c05880 JavaThread "Attach Listener"            daemon [_thread_blocked, id=5660, stack(0x000000f036e00000,0x000000f036f00000) (1024K)]
  0x0000028ba4c07fc0 JavaThread "Service Thread"             daemon [_thread_blocked, id=19608, stack(0x000000f036f00000,0x000000f037000000) (1024K)]
  0x0000028ba4c0b700 JavaThread "Monitor Deflation Thread"   daemon [_thread_blocked, id=31856, stack(0x000000f037000000,0x000000f037100000) (1024K)]
=>0x0000028ba4c0ece0 JavaThread "C2 CompilerThread0"         daemon [_thread_in_native, id=16212, stack(0x000000f037100000,0x000000f037200000) (1024K)]
  0x0000028ba4c169c0 JavaThread "C1 CompilerThread0"         daemon [_thread_blocked, id=3516, stack(0x000000f037200000,0x000000f037300000) (1024K)]
  0x0000028ba51fc130 JavaThread "C1 CompilerThread1"         daemon [_thread_blocked, id=9396, stack(0x000000f037300000,0x000000f037400000) (1024K)]
  0x0000028ba50877a0 JavaThread "Notification Thread"        daemon [_thread_blocked, id=6108, stack(0x000000f037400000,0x000000f037500000) (1024K)]
  0x0000028ba56f1a40 JavaThread "C1 CompilerThread2"         daemon [_thread_blocked, id=17516, stack(0x000000f037500000,0x000000f037600000) (1024K)]
  0x0000028ba5089eb0 JavaThread "Daemon health stats"               [_thread_blocked, id=25012, stack(0x000000f037b00000,0x000000f037c00000) (1024K)]
  0x0000028ba508ae50 JavaThread "Incoming local TCP Connector on port 61484"        [_thread_in_native, id=31700, stack(0x000000f037c00000,0x000000f037d00000) (1024K)]
  0x0000028bac454e00 JavaThread "Daemon periodic checks"            [_thread_blocked, id=25436, stack(0x000000f037d00000,0x000000f037e00000) (1024K)]
  0x0000028bac456570 JavaThread "Daemon"                            [_thread_blocked, id=28364, stack(0x000000f037e00000,0x000000f037f00000) (1024K)]
  0x0000028bac455da0 JavaThread "Handler for socket connection from /127.0.0.1:61484 to /127.0.0.1:61485"        [_thread_in_native, id=30428, stack(0x000000f037f00000,0x000000f038000000) (1024K)]
  0x0000028bac885830 JavaThread "Cancel handler"                    [_thread_blocked, id=8224, stack(0x000000f038900000,0x000000f038a00000) (1024K)]
  0x0000028bac887770 JavaThread "Daemon worker"                     [_thread_in_native, id=34284, stack(0x000000f038a00000,0x000000f038b00000) (1024K)]
  0x0000028bac888ee0 JavaThread "Asynchronous log dispatcher for DefaultDaemonConnection: socket connection from /127.0.0.1:61484 to /127.0.0.1:61485"        [_thread_blocked, id=6120, stack(0x000000f038b00000,0x000000f038c00000) (1024K)]
  0x0000028bac8896b0 JavaThread "Stdin handler"                     [_thread_blocked, id=14828, stack(0x000000f038c00000,0x000000f038d00000) (1024K)]
  0x0000028bac889e80 JavaThread "Daemon client event forwarder"        [_thread_blocked, id=33508, stack(0x000000f038d00000,0x000000f038e00000) (1024K)]
Total: 23

Other Threads:
  0x0000028ba4b932d0 VMThread "VM Thread"                           [id=16832, stack(0x000000f036900000,0x000000f036a00000) (1024K)]
  0x0000028ba4b6bf30 WatcherThread "VM Periodic Task Thread"        [id=30284, stack(0x000000f036800000,0x000000f036900000) (1024K)]
  0x0000028b8c88b340 WorkerThread "GC Thread#0"                     [id=27296, stack(0x000000f036300000,0x000000f036400000) (1024K)]
  0x0000028baa8045b0 WorkerThread "GC Thread#1"                     [id=5044, stack(0x000000f037600000,0x000000f037700000) (1024K)]
  0x0000028baa7f3260 WorkerThread "GC Thread#2"                     [id=19212, stack(0x000000f037700000,0x000000f037800000) (1024K)]
  0x0000028baa7f3aa0 WorkerThread "GC Thread#3"                     [id=32388, stack(0x000000f037800000,0x000000f037900000) (1024K)]
  0x0000028baa7f5ee0 WorkerThread "GC Thread#4"                     [id=15820, stack(0x000000f037900000,0x000000f037a00000) (1024K)]
  0x0000028ba596f640 WorkerThread "GC Thread#5"                     [id=27548, stack(0x000000f037a00000,0x000000f037b00000) (1024K)]
  0x0000028bac526fe0 WorkerThread "GC Thread#6"                     [id=18336, stack(0x000000f038000000,0x000000f038100000) (1024K)]
  0x0000028bac525600 WorkerThread "GC Thread#7"                     [id=32368, stack(0x000000f038100000,0x000000f038200000) (1024K)]
  0x0000028bac525a50 WorkerThread "GC Thread#8"                     [id=27104, stack(0x000000f038200000,0x000000f038300000) (1024K)]
  0x0000028bac527880 WorkerThread "GC Thread#9"                     [id=14104, stack(0x000000f038300000,0x000000f038400000) (1024K)]
  0x0000028bac527430 WorkerThread "GC Thread#10"                    [id=32948, stack(0x000000f038400000,0x000000f038500000) (1024K)]
  0x0000028bac523c20 WorkerThread "GC Thread#11"                    [id=31156, stack(0x000000f038500000,0x000000f038600000) (1024K)]
  0x0000028bac527cd0 WorkerThread "GC Thread#12"                    [id=12196, stack(0x000000f038600000,0x000000f038700000) (1024K)]
  0x0000028b8c8a6270 ConcurrentGCThread "G1 Main Marker"            [id=28108, stack(0x000000f036400000,0x000000f036500000) (1024K)]
  0x0000028b8c8a6e10 WorkerThread "G1 Conc#0"                       [id=20100, stack(0x000000f036500000,0x000000f036600000) (1024K)]
  0x0000028bac524070 WorkerThread "G1 Conc#1"                       [id=832, stack(0x000000f038700000,0x000000f038800000) (1024K)]
  0x0000028bac5251b0 WorkerThread "G1 Conc#2"                       [id=36788, stack(0x000000f038800000,0x000000f038900000) (1024K)]
  0x0000028ba4a3f6c0 ConcurrentGCThread "G1 Refine#0"               [id=30872, stack(0x000000f036600000,0x000000f036700000) (1024K)]
  0x0000028b8c8ed9e0 ConcurrentGCThread "G1 Service"                [id=24468, stack(0x000000f036700000,0x000000f036800000) (1024K)]
Total: 21

Threads with active compile tasks:
C2 CompilerThread0  5597 3091   !   4       java.util.concurrent.ConcurrentHashMap::putVal (432 bytes)
Total: 1

VM state: not at safepoint (normal execution)

VM Mutex/Monitor currently owned by a thread: None

Heap address: 0x0000000080000000, size: 2048 MB, Compressed Oops mode: 32-bit

CDS archive(s) not mapped
Compressed class space mapped at: 0x000000000c000000-0x000000004c000000, reserved size: 1073741824
UseCompressedClassPointers 1, UseCompactObjectHeaders 0
Narrow klass pointer bits 32, Max shift 3
Narrow klass base: 0x0000000000000000, Narrow klass shift: 0
Encoding Range: [0x0000000000000000 - 0x0000000100000000), (4294967296 bytes)
Klass Range:    [0x000000000c000000 - 0x000000004c000000), (1073741824 bytes)
Klass ID Range:  [201326592 - 1275068409) (1073741817)
No protection zone.

GC Precious Log:
 CardTable entry size: 512
 Card Set container configuration: InlinePtr #cards 5 size 8 Array Of Cards #cards 10 size 36 Howl #buckets 4 coarsen threshold 1843 Howl Bitmap #cards 512 size 80 coarsen threshold 460 Card regions per heap region 1 cards per card region 2048
 CPUs: 16 total, 16 available
 Memory: 5981M
 Large Page Support: Disabled
 NUMA Support: Disabled
 Compressed Oops: Enabled (32-bit)
 Heap Region Size: 1M
 Heap Min Capacity: 8M
 Heap Initial Capacity: 94M
 Heap Max Capacity: 2G
 Pre-touch: Disabled
 Parallel Workers: 13
 Concurrent Workers: 3
 Concurrent Refinement Workers: 13
 Periodic GC: Disabled

Heap:
 garbage-first heap   total reserved 2097152K, committed 78848K, used 43651K [0x0000000080000000, 0x0000000100000000)
  region size 1024K, 27 young (27648K), 4 survivors (4096K)

Heap Regions: E=young(eden), S=young(survivor), O=old, HS=humongous(starts), HC=humongous(continues), CS=collection set, F=free, TAMS=top-at-mark-start, PB=parsable bottom
|   0|0x0000000080000000, 0x0000000080100000, 0x0000000080100000|100%|HS|  |TAMS 0x0000000080000000| PB 0x0000000080000000| Complete |  0
|   1|0x0000000080100000, 0x0000000080200000, 0x0000000080200000|100%|HC|  |TAMS 0x0000000080100000| PB 0x0000000080100000| Complete |  0
|   2|0x0000000080200000, 0x0000000080300000, 0x0000000080300000|100%|HC|  |TAMS 0x0000000080200000| PB 0x0000000080200000| Complete |  0
|   3|0x0000000080300000, 0x0000000080400000, 0x0000000080400000|100%|HC|  |TAMS 0x0000000080300000| PB 0x0000000080300000| Complete |  0
|   4|0x0000000080400000, 0x0000000080500000, 0x0000000080500000|100%| O|  |TAMS 0x0000000080400000| PB 0x0000000080400000| Untracked |  0
|   5|0x0000000080500000, 0x0000000080600000, 0x0000000080600000|100%| O|  |TAMS 0x0000000080500000| PB 0x0000000080500000| Untracked |  0
|   6|0x0000000080600000, 0x0000000080700000, 0x0000000080700000|100%| O|  |TAMS 0x0000000080600000| PB 0x0000000080600000| Untracked |  0
|   7|0x0000000080700000, 0x0000000080800000, 0x0000000080800000|100%|HS|  |TAMS 0x0000000080700000| PB 0x0000000080700000| Complete |  0
|   8|0x0000000080800000, 0x0000000080900000, 0x0000000080900000|100%| O|  |TAMS 0x0000000080800000| PB 0x0000000080800000| Untracked |  0
|   9|0x0000000080900000, 0x0000000080a00000, 0x0000000080a00000|100%| O|  |TAMS 0x0000000080900000| PB 0x0000000080900000| Untracked |  0
|  10|0x0000000080a00000, 0x0000000080b00000, 0x0000000080b00000|100%| O|  |TAMS 0x0000000080a00000| PB 0x0000000080a00000| Untracked |  0
|  11|0x0000000080b00000, 0x0000000080c00000, 0x0000000080c00000|100%| O|Cm|TAMS 0x0000000080b00000| PB 0x0000000080b00000| Complete |  0
|  12|0x0000000080c00000, 0x0000000080d00000, 0x0000000080d00000|100%| O|  |TAMS 0x0000000080c00000| PB 0x0000000080c00000| Untracked |  0
|  13|0x0000000080d00000, 0x0000000080e00000, 0x0000000080e00000|100%| O|  |TAMS 0x0000000080d00000| PB 0x0000000080d00000| Untracked |  0
|  14|0x0000000080e00000, 0x0000000080f00000, 0x0000000080f00000|100%| O|  |TAMS 0x0000000080e00000| PB 0x0000000080e00000| Untracked |  0
|  15|0x0000000080f00000, 0x0000000081000000, 0x0000000081000000|100%| O|  |TAMS 0x0000000080f00000| PB 0x0000000080f00000| Untracked |  0
|  16|0x0000000081000000, 0x0000000081100000, 0x0000000081100000|100%| O|  |TAMS 0x0000000081000000| PB 0x0000000081000000| Untracked |  0
|  17|0x0000000081100000, 0x0000000081200000, 0x0000000081200000|100%| O|  |TAMS 0x0000000081100000| PB 0x0000000081100000| Untracked |  0
|  18|0x0000000081200000, 0x000000008120ccf0, 0x0000000081300000|  5%| O|  |TAMS 0x0000000081200000| PB 0x0000000081200000| Untracked |  0
|  19|0x0000000081300000, 0x0000000081300000, 0x0000000081400000|  0%| F|  |TAMS 0x0000000081300000| PB 0x0000000081300000| Untracked |  0
|  20|0x0000000081400000, 0x0000000081400000, 0x0000000081500000|  0%| F|  |TAMS 0x0000000081400000| PB 0x0000000081400000| Untracked |  0
|  21|0x0000000081500000, 0x0000000081500000, 0x0000000081600000|  0%| F|  |TAMS 0x0000000081500000| PB 0x0000000081500000| Untracked |  0
|  22|0x0000000081600000, 0x0000000081600000, 0x0000000081700000|  0%| F|  |TAMS 0x0000000081600000| PB 0x0000000081600000| Untracked |  0
|  23|0x0000000081700000, 0x0000000081700000, 0x0000000081800000|  0%| F|  |TAMS 0x0000000081700000| PB 0x0000000081700000| Untracked |  0
|  24|0x0000000081800000, 0x0000000081800000, 0x0000000081900000|  0%| F|  |TAMS 0x0000000081800000| PB 0x0000000081800000| Untracked |  0
|  25|0x0000000081900000, 0x0000000081900000, 0x0000000081a00000|  0%| F|  |TAMS 0x0000000081900000| PB 0x0000000081900000| Untracked |  0
|  26|0x0000000081a00000, 0x0000000081a00000, 0x0000000081b00000|  0%| F|  |TAMS 0x0000000081a00000| PB 0x0000000081a00000| Untracked |  0
|  27|0x0000000081b00000, 0x0000000081b00000, 0x0000000081c00000|  0%| F|  |TAMS 0x0000000081b00000| PB 0x0000000081b00000| Untracked |  0
|  28|0x0000000081c00000, 0x0000000081c00000, 0x0000000081d00000|  0%| F|  |TAMS 0x0000000081c00000| PB 0x0000000081c00000| Untracked |  0
|  29|0x0000000081d00000, 0x0000000081d00000, 0x0000000081e00000|  0%| F|  |TAMS 0x0000000081d00000| PB 0x0000000081d00000| Untracked |  0
|  30|0x0000000081e00000, 0x0000000081e00000, 0x0000000081f00000|  0%| F|  |TAMS 0x0000000081e00000| PB 0x0000000081e00000| Untracked |  0
|  31|0x0000000081f00000, 0x0000000081f00000, 0x0000000082000000|  0%| F|  |TAMS 0x0000000081f00000| PB 0x0000000081f00000| Untracked |  0
|  32|0x0000000082000000, 0x0000000082000000, 0x0000000082100000|  0%| F|  |TAMS 0x0000000082000000| PB 0x0000000082000000| Untracked |  0
|  33|0x0000000082100000, 0x0000000082100000, 0x0000000082200000|  0%| F|  |TAMS 0x0000000082100000| PB 0x0000000082100000| Untracked |  0
|  34|0x0000000082200000, 0x0000000082200000, 0x0000000082300000|  0%| F|  |TAMS 0x0000000082200000| PB 0x0000000082200000| Untracked |  0
|  35|0x0000000082300000, 0x0000000082300000, 0x0000000082400000|  0%| F|  |TAMS 0x0000000082300000| PB 0x0000000082300000| Untracked |  0
|  36|0x0000000082400000, 0x0000000082400000, 0x0000000082500000|  0%| F|  |TAMS 0x0000000082400000| PB 0x0000000082400000| Untracked |  0
|  37|0x0000000082500000, 0x0000000082500000, 0x0000000082600000|  0%| F|  |TAMS 0x0000000082500000| PB 0x0000000082500000| Untracked |  0
|  38|0x0000000082600000, 0x0000000082600000, 0x0000000082700000|  0%| F|  |TAMS 0x0000000082600000| PB 0x0000000082600000| Untracked |  0
|  39|0x0000000082700000, 0x0000000082700000, 0x0000000082800000|  0%| F|  |TAMS 0x0000000082700000| PB 0x0000000082700000| Untracked |  0
|  40|0x0000000082800000, 0x0000000082800000, 0x0000000082900000|  0%| F|  |TAMS 0x0000000082800000| PB 0x0000000082800000| Untracked |  0
|  41|0x0000000082900000, 0x0000000082900000, 0x0000000082a00000|  0%| F|  |TAMS 0x0000000082900000| PB 0x0000000082900000| Untracked |  0
|  42|0x0000000082a00000, 0x0000000082a00000, 0x0000000082b00000|  0%| F|  |TAMS 0x0000000082a00000| PB 0x0000000082a00000| Untracked |  0
|  43|0x0000000082b00000, 0x0000000082b00000, 0x0000000082c00000|  0%| F|  |TAMS 0x0000000082b00000| PB 0x0000000082b00000| Untracked |  0
|  44|0x0000000082c00000, 0x0000000082c00000, 0x0000000082d00000|  0%| F|  |TAMS 0x0000000082c00000| PB 0x0000000082c00000| Untracked |  0
|  45|0x0000000082d00000, 0x0000000082d00000, 0x0000000082e00000|  0%| F|  |TAMS 0x0000000082d00000| PB 0x0000000082d00000| Untracked |  0
|  46|0x0000000082e00000, 0x0000000082e00000, 0x0000000082f00000|  0%| F|  |TAMS 0x0000000082e00000| PB 0x0000000082e00000| Untracked |  0
|  47|0x0000000082f00000, 0x0000000082f00000, 0x0000000083000000|  0%| F|  |TAMS 0x0000000082f00000| PB 0x0000000082f00000| Untracked |  0
|  48|0x0000000083000000, 0x0000000083000000, 0x0000000083100000|  0%| F|  |TAMS 0x0000000083000000| PB 0x0000000083000000| Untracked |  0
|  49|0x0000000083100000, 0x0000000083100000, 0x0000000083200000|  0%| F|  |TAMS 0x0000000083100000| PB 0x0000000083100000| Untracked |  0
|  50|0x0000000083200000, 0x00000000832e4170, 0x0000000083300000| 89%| E|  |TAMS 0x0000000083200000| PB 0x0000000083200000| Complete |  0
|  51|0x0000000083300000, 0x0000000083400000, 0x0000000083400000|100%| E|CS|TAMS 0x0000000083300000| PB 0x0000000083300000| Complete |  0
|  52|0x0000000083400000, 0x0000000083500000, 0x0000000083500000|100%| E|CS|TAMS 0x0000000083400000| PB 0x0000000083400000| Complete |  0
|  53|0x0000000083500000, 0x0000000083600000, 0x0000000083600000|100%| E|CS|TAMS 0x0000000083500000| PB 0x0000000083500000| Complete |  0
|  54|0x0000000083600000, 0x0000000083700000, 0x0000000083700000|100%| E|CS|TAMS 0x0000000083600000| PB 0x0000000083600000| Complete |  0
|  55|0x0000000083700000, 0x0000000083800000, 0x0000000083800000|100%| E|CS|TAMS 0x0000000083700000| PB 0x0000000083700000| Complete |  0
|  56|0x0000000083800000, 0x0000000083900000, 0x0000000083900000|100%| E|  |TAMS 0x0000000083800000| PB 0x0000000083800000| Complete |  0
|  57|0x0000000083900000, 0x0000000083a00000, 0x0000000083a00000|100%| E|CS|TAMS 0x0000000083900000| PB 0x0000000083900000| Complete |  0
|  58|0x0000000083a00000, 0x0000000083b00000, 0x0000000083b00000|100%| E|CS|TAMS 0x0000000083a00000| PB 0x0000000083a00000| Complete |  0
|  59|0x0000000083b00000, 0x0000000083c00000, 0x0000000083c00000|100%| E|CS|TAMS 0x0000000083b00000| PB 0x0000000083b00000| Complete |  0
|  60|0x0000000083c00000, 0x0000000083d00000, 0x0000000083d00000|100%| E|CS|TAMS 0x0000000083c00000| PB 0x0000000083c00000| Complete |  0
|  61|0x0000000083d00000, 0x0000000083e00000, 0x0000000083e00000|100%| E|CS|TAMS 0x0000000083d00000| PB 0x0000000083d00000| Complete |  0
|  62|0x0000000083e00000, 0x0000000083f00000, 0x0000000083f00000|100%| E|CS|TAMS 0x0000000083e00000| PB 0x0000000083e00000| Complete |  0
|  63|0x0000000083f00000, 0x0000000084000000, 0x0000000084000000|100%| E|CS|TAMS 0x0000000083f00000| PB 0x0000000083f00000| Complete |  0
|  64|0x0000000084000000, 0x0000000084100000, 0x0000000084100000|100%| E|CS|TAMS 0x0000000084000000| PB 0x0000000084000000| Complete |  0
|  65|0x0000000084100000, 0x0000000084200000, 0x0000000084200000|100%| E|CS|TAMS 0x0000000084100000| PB 0x0000000084100000| Complete |  0
|  66|0x0000000084200000, 0x0000000084293f80, 0x0000000084300000| 57%| S|CS|TAMS 0x0000000084200000| PB 0x0000000084200000| Complete |  0
|  67|0x0000000084300000, 0x0000000084400000, 0x0000000084400000|100%| S|CS|TAMS 0x0000000084300000| PB 0x0000000084300000| Complete |  0
|  68|0x0000000084400000, 0x0000000084500000, 0x0000000084500000|100%| S|CS|TAMS 0x0000000084400000| PB 0x0000000084400000| Complete |  0
|  69|0x0000000084500000, 0x0000000084600000, 0x0000000084600000|100%| S|CS|TAMS 0x0000000084500000| PB 0x0000000084500000| Complete |  0
|  70|0x0000000084600000, 0x0000000084700000, 0x0000000084700000|100%| E|CS|TAMS 0x0000000084600000| PB 0x0000000084600000| Complete |  0
|  71|0x0000000084700000, 0x0000000084800000, 0x0000000084800000|100%| E|CS|TAMS 0x0000000084700000| PB 0x0000000084700000| Complete |  0
|  72|0x0000000084800000, 0x0000000084900000, 0x0000000084900000|100%| E|CS|TAMS 0x0000000084800000| PB 0x0000000084800000| Complete |  0
|  73|0x0000000084900000, 0x0000000084a00000, 0x0000000084a00000|100%| E|CS|TAMS 0x0000000084900000| PB 0x0000000084900000| Complete |  0
|  74|0x0000000084a00000, 0x0000000084b00000, 0x0000000084b00000|100%| E|CS|TAMS 0x0000000084a00000| PB 0x0000000084a00000| Complete |  0
|  75|0x0000000084b00000, 0x0000000084c00000, 0x0000000084c00000|100%| E|CS|TAMS 0x0000000084b00000| PB 0x0000000084b00000| Complete |  0
|  93|0x0000000085d00000, 0x0000000085e00000, 0x0000000085e00000|100%| E|CS|TAMS 0x0000000085d00000| PB 0x0000000085d00000| Complete |  0

Card table byte_map: [0x0000028b9fab0000,0x0000028b9feb0000] _byte_map_base: 0x0000028b9f6b0000

Marking Bits: (CMBitMap*) 0x0000028b8c88bad0
 Bits: [0x0000028b9feb0000, 0x0000028ba1eb0000)

Polling page: 0x0000028b8a900000

Metaspace:
Metaspace        used 25358K, committed 25728K, reserved 1114112K
 class space     used 3238K, committed 3392K, reserved 1048576K

Usage:
  Non-class:     21.60 MB used.
      Class:      3.16 MB used.
       Both:     24.76 MB used.

Virtual space:
  Non-class space:       64.00 MB reserved,      21.81 MB ( 34%) committed,  1 nodes.
      Class space:        1.00 GB reserved,       3.31 MB ( <1%) committed,  1 nodes.
             Both:        1.06 GB reserved,      25.12 MB (  2%) committed. 

Chunk freelists:
   Non-Class:  10.09 MB
       Class:  12.58 MB
        Both:  22.67 MB

MaxMetaspaceSize: unlimited
CompressedClassSpaceSize: 1.00 GB
Initial GC threshold: 21.00 MB
Current GC threshold: 35.25 MB
CDS: off
 - commit_granule_bytes: 65536.
 - commit_granule_words: 8192.
 - virtual_space_node_default_size: 8388608.
 - enlarge_chunks_in_place: 1.
UseCompressedClassPointers 1, UseCompactObjectHeaders 0
Narrow klass pointer bits 32, Max shift 3
Narrow klass base: 0x0000000000000000, Narrow klass shift: 0
Encoding Range: [0x0000000000000000 - 0x0000000100000000), (4294967296 bytes)
Klass Range:    [0x000000000c000000 - 0x000000004c000000), (1073741824 bytes)
Klass ID Range:  [201326592 - 1275068409) (1073741817)
No protection zone.


Internal statistics:

num_allocs_failed_limit: 3.
num_arena_births: 424.
num_arena_deaths: 0.
num_vsnodes_births: 2.
num_vsnodes_deaths: 0.
num_space_committed: 402.
num_space_uncommitted: 0.
num_chunks_returned_to_freelist: 3.
num_chunks_taken_from_freelist: 928.
num_chunk_merges: 3.
num_chunk_splits: 596.
num_chunks_enlarged: 418.
num_inconsistent_stats: 0.

CodeHeap 'non-profiled nmethods': size=119232Kb used=1047Kb max_used=1047Kb free=118184Kb
 bounds [0x0000028b978b0000, 0x0000028b97b20000, 0x0000028b9ed20000]
CodeHeap 'profiled nmethods': size=119104Kb used=4903Kb max_used=4903Kb free=114200Kb
 bounds [0x0000028b8fd20000, 0x0000028b901f0000, 0x0000028b97170000]
CodeHeap 'non-nmethods': size=7424Kb used=2568Kb max_used=2578Kb free=4855Kb
 bounds [0x0000028b97170000, 0x0000028b97410000, 0x0000028b978b0000]
CodeCache: size=245760Kb, used=8518Kb, max_used=8528Kb, free=237239Kb
 total_blobs=3768, nmethods=3172, adapters=496, full_count=0
Compilation: enabled, stopped_count=0, restarted_count=0

Compilation events (20 events):
Event: 5.037 Thread 0x0000028ba4c169c0 3086       3       jdk.internal.classfile.impl.TemporaryConstantPool::utf8Entry (11 bytes)
Event: 5.037 Thread 0x0000028ba56f1a40 3087       3       jdk.internal.classfile.impl.AbstractPoolEntry$Utf8EntryImpl::<init> (12 bytes)
Event: 5.037 Thread 0x0000028ba4c169c0 nmethod 3086 0x0000028b901c6008 code [0x0000028b901c6100, 0x0000028b901c62b0]
Event: 5.037 Thread 0x0000028ba56f1a40 nmethod 3087 0x0000028b901c6308 code [0x0000028b901c6400, 0x0000028b901c6618]
Event: 5.041 Thread 0x0000028ba4c169c0 3088       3       java.lang.invoke.MemberName::asSpecial (89 bytes)
Event: 5.041 Thread 0x0000028ba51fc130 3089       3       java.lang.Thread::interrupted (7 bytes)
Event: 5.041 Thread 0x0000028ba56f1a40 3090       3       java.lang.Thread::getAndClearInterrupt (19 bytes)
Event: 5.042 Thread 0x0000028ba56f1a40 nmethod 3090 0x0000028b901c6688 code [0x0000028b901c6780, 0x0000028b901c6900]
Event: 5.042 Thread 0x0000028ba4c169c0 nmethod 3088 0x0000028b901c6988 code [0x0000028b901c6a80, 0x0000028b901c7890]
Event: 5.042 Thread 0x0000028ba51fc130 nmethod 3089 0x0000028b901c7908 code [0x0000028b901c7a00, 0x0000028b901c7c58]
Event: 5.047 Thread 0x0000028ba4c0ece0 3091   !   4       java.util.concurrent.ConcurrentHashMap::putVal (432 bytes)
Event: 5.063 Thread 0x0000028ba4c169c0 3097       3       org.objectweb.asm.SymbolTable::get (13 bytes)
Event: 5.063 Thread 0x0000028ba4c169c0 nmethod 3097 0x0000028b901c7c88 code [0x0000028b901c7d80, 0x0000028b901c7ed0]
Event: 5.065 Thread 0x0000028ba51fc130 3098       3       org.objectweb.asm.SymbolTable::hash (10 bytes)
Event: 5.065 Thread 0x0000028ba51fc130 nmethod 3098 0x0000028b901c7f88 code [0x0000028b901c8080, 0x0000028b901c8220]
Event: 5.066 Thread 0x0000028ba4c169c0 3099       3       org.objectweb.asm.ByteVector::putByte (39 bytes)
Event: 5.066 Thread 0x0000028ba51fc130 3100       1       java.util.Spliterators$IteratorSpliterator::characteristics (5 bytes)
Event: 5.067 Thread 0x0000028ba4c169c0 nmethod 3099 0x0000028b901c8288 code [0x0000028b901c8380, 0x0000028b901c8558]
Event: 5.067 Thread 0x0000028ba51fc130 nmethod 3100 0x0000028b979b2508 code [0x0000028b979b2600, 0x0000028b979b26c8]
Event: 5.068 Thread 0x0000028ba51fc130 3101       3       org.objectweb.asm.Frame::execute (2303 bytes)

GC Heap Usage History (6 events):
Event: 2.350 {heap Before GC invocations=0 (full 0):
 garbage-first heap   total reserved 2097152K, committed 96256K, used 52224K [0x0000000080000000, 0x0000000100000000)
  region size 1024K, 47 young (48128K), 0 survivors (0K)
}
Event: 2.367 {heap After GC invocations=1 (full 0):
 garbage-first heap   total reserved 2097152K, committed 96256K, used 12496K [0x0000000080000000, 0x0000000100000000)
  region size 1024K, 6 young (6144K), 6 survivors (6144K)
}
Event: 3.056 {heap Before GC invocations=1 (full 0):
 garbage-first heap   total reserved 2097152K, committed 96256K, used 50384K [0x0000000080000000, 0x0000000100000000)
  region size 1024K, 41 young (41984K), 6 survivors (6144K)
}
Event: 3.068 {heap After GC invocations=2 (full 0):
 garbage-first heap   total reserved 2097152K, committed 96256K, used 18542K [0x0000000080000000, 0x0000000100000000)
  region size 1024K, 5 young (5120K), 5 survivors (5120K)
}
Event: 4.333 {heap Before GC invocations=2 (full 0):
 garbage-first heap   total reserved 2097152K, committed 96256K, used 42094K [0x0000000080000000, 0x0000000100000000)
  region size 1024K, 29 young (29696K), 5 survivors (5120K)
}
Event: 4.340 {heap After GC invocations=3 (full 0):
 garbage-first heap   total reserved 2097152K, committed 96256K, used 22147K [0x0000000080000000, 0x0000000100000000)
  region size 1024K, 4 young (4096K), 4 survivors (4096K)
}

Metaspace Usage History (6 events):
Event: 2.350 {metaspace Before GC invocations=0 (full 0):
 Metaspace       used 13238K, committed 13376K, reserved 1114112K
  class space    used 1499K, committed 1536K, reserved 1048576K
}
Event: 2.367 {metaspace After GC invocations=1 (full 0):
 Metaspace       used 13238K, committed 13376K, reserved 1114112K
  class space    used 1499K, committed 1536K, reserved 1048576K
}
Event: 3.056 {metaspace Before GC invocations=1 (full 0):
 Metaspace       used 13573K, committed 13760K, reserved 1114112K
  class space    used 1554K, committed 1600K, reserved 1048576K
}
Event: 3.068 {metaspace After GC invocations=2 (full 0):
 Metaspace       used 13573K, committed 13760K, reserved 1114112K
  class space    used 1554K, committed 1600K, reserved 1048576K
}
Event: 4.333 {metaspace Before GC invocations=2 (full 0):
 Metaspace       used 21259K, committed 21504K, reserved 1114112K
  class space    used 2566K, committed 2688K, reserved 1048576K
}
Event: 4.340 {metaspace After GC invocations=3 (full 0):
 Metaspace       used 21259K, committed 21504K, reserved 1114112K
  class space    used 2566K, committed 2688K, reserved 1048576K
}

Dll operation events (3 events):
Event: 0.024 Loaded shared library C:\Users\indie\AppData\Local\Programs\Android Studio\jbr\bin\java.dll
Event: 0.035 Loaded shared library C:\Users\indie\AppData\Local\Programs\Android Studio\jbr\bin\zip.dll
Event: 1.398 Loaded shared library C:\Users\indie\AppData\Local\Programs\Android Studio\jbr\bin\verify.dll

Deoptimization events (20 events):
Event: 4.496 Thread 0x0000028bac887770 Uncommon trap: trap_request=0xffffff66 fr.pc=0x0000028b979987c0 relative=0x0000000000000240
Event: 4.496 Thread 0x0000028bac887770 Uncommon trap: reason=loop_limit_check action=maybe_recompile pc=0x0000028b979987c0 method=java.math.BigInteger.implMulAdd([I[IIII)I @ 26 c2
Event: 4.496 Thread 0x0000028bac887770 DEOPT PACKING pc=0x0000028b979987c0 sp=0x000000f038afcdd0
Event: 4.496 Thread 0x0000028bac887770 DEOPT UNPACKING pc=0x0000028b97288582 sp=0x000000f038afcd20 mode 2
Event: 4.519 Thread 0x0000028bac887770 DEOPT PACKING pc=0x0000028b9016f9da sp=0x000000f038afd450
Event: 4.519 Thread 0x0000028bac887770 DEOPT UNPACKING pc=0x0000028b971c1702 sp=0x000000f038afc8d0 mode 0
Event: 4.519 Thread 0x0000028bac887770 DEOPT PACKING pc=0x0000028b9016f9da sp=0x000000f038afd8d0
Event: 4.519 Thread 0x0000028bac887770 DEOPT UNPACKING pc=0x0000028b971c1702 sp=0x000000f038afcd50 mode 0
Event: 4.581 Thread 0x0000028bac887770 Uncommon trap: trap_request=0xffffff45 fr.pc=0x0000028b9798e5ec relative=0x000000000000056c
Event: 4.581 Thread 0x0000028bac887770 Uncommon trap: reason=unstable_if action=reinterpret pc=0x0000028b9798e5ec method=java.util.Properties$LineReader.readLine()I @ 95 c2
Event: 4.581 Thread 0x0000028bac887770 DEOPT PACKING pc=0x0000028b9798e5ec sp=0x000000f038afd2b0
Event: 4.581 Thread 0x0000028bac887770 DEOPT UNPACKING pc=0x0000028b97288582 sp=0x000000f038afd258 mode 2
Event: 4.827 Thread 0x0000028bac887770 Uncommon trap: trap_request=0xffffffcc fr.pc=0x0000028b979a5bfc relative=0x000000000000037c
Event: 4.827 Thread 0x0000028bac887770 Uncommon trap: reason=intrinsic_or_type_checked_inlining action=make_not_entrant pc=0x0000028b979a5bfc method=java.util.Arrays.copyOf([Ljava/lang/Object;ILjava/lang/Class;)[Ljava/lang/Object; @ 35 c2
Event: 4.827 Thread 0x0000028bac887770 DEOPT PACKING pc=0x0000028b979a5bfc sp=0x000000f038afcc20
Event: 4.827 Thread 0x0000028bac887770 DEOPT UNPACKING pc=0x0000028b97288582 sp=0x000000f038afcbc8 mode 2
Event: 4.908 Thread 0x0000028bac887770 Uncommon trap: trap_request=0xffffff45 fr.pc=0x0000028b9796174c relative=0x000000000000024c
Event: 4.908 Thread 0x0000028bac887770 Uncommon trap: reason=unstable_if action=reinterpret pc=0x0000028b9796174c method=java.util.concurrent.ConcurrentHashMap.get(Ljava/lang/Object;)Ljava/lang/Object; @ 76 c2
Event: 4.908 Thread 0x0000028bac887770 DEOPT PACKING pc=0x0000028b9796174c sp=0x000000f038afb850
Event: 4.908 Thread 0x0000028bac887770 DEOPT UNPACKING pc=0x0000028b97288582 sp=0x000000f038afb7c8 mode 2

Classes loaded (20 events):
Event: 4.894 Loading class java/beans/FeatureDescriptor done
Event: 4.894 Loading class java/beans/EventSetDescriptor done
Event: 4.894 Loading class java/beans/Introspector$1
Event: 4.894 Loading class jdk/internal/access/JavaBeansAccess
Event: 4.894 Loading class jdk/internal/access/JavaBeansAccess done
Event: 4.894 Loading class java/beans/Introspector$1 done
Event: 4.896 Loading class java/util/TreeMap$Values
Event: 4.896 Loading class java/util/TreeMap$Values done
Event: 4.896 Loading class java/util/TreeMap$ValueIterator
Event: 4.897 Loading class java/util/TreeMap$ValueIterator done
Event: 4.899 Loading class sun/reflect/generics/tree/BottomSignature
Event: 4.899 Loading class sun/reflect/generics/tree/BottomSignature done
Event: 4.899 Loading class sun/reflect/generics/tree/Wildcard
Event: 4.900 Loading class sun/reflect/generics/tree/Wildcard done
Event: 4.900 Loading class sun/reflect/generics/reflectiveObjects/WildcardTypeImpl
Event: 4.900 Loading class sun/reflect/generics/reflectiveObjects/WildcardTypeImpl done
Event: 4.907 Loading class jdk/internal/vm/annotation/IntrinsicCandidate
Event: 4.907 Loading class jdk/internal/vm/annotation/IntrinsicCandidate done
Event: 4.976 Loading class java/lang/TypeNotPresentException
Event: 4.976 Loading class java/lang/TypeNotPresentException done

Classes unloaded (0 events):
No events

Classes redefined (0 events):
No events

Internal exceptions (20 events):
Event: 4.321 Thread 0x0000028bac456570 Implicit null exception at 0x0000028b9797f16c to 0x0000028b97980504
Event: 4.327 Thread 0x0000028bac455da0 Implicit null exception at 0x0000028b9794efb5 to 0x0000028b9794f5f8
Event: 4.401 Thread 0x0000028bac455da0 Exception <a 'java/lang/NoSuchMethodError'{0x0000000084b0a5a0}: 'long java.lang.invoke.DirectMethodHandle$Holder.invokeSpecial(java.lang.Object, java.lang.Object)'> (0x0000000084b0a5a0) 
thrown [s\src\hotspot\share\interpreter\linkResolver.cpp, line 815]
Event: 4.402 Thread 0x0000028bac455da0 Exception <a 'java/lang/NoSuchMethodError'{0x0000000084b12490}: 'long java.lang.invoke.Invokers$Holder.invokeExact_MT(java.lang.Object, java.lang.Object)'> (0x0000000084b12490) 
thrown [s\src\hotspot\share\interpreter\linkResolver.cpp, line 815]
Event: 4.412 Thread 0x0000028bac455da0 Exception <a 'java/lang/NoSuchMethodError'{0x0000000084b683a0}: static Lorg/gradle/tooling/internal/provider/serialization/ClassLoaderDetails;.<clinit>()V> (0x0000000084b683a0) 
thrown [s\src\hotspot\share\prims\jni.cpp, line 1141]
Event: 4.415 Thread 0x0000028bac455da0 Exception <a 'java/lang/NoSuchMethodError'{0x0000000084b7be48}: static Lorg/gradle/internal/classloader/ClassLoaderSpec;.<clinit>()V> (0x0000000084b7be48) 
thrown [s\src\hotspot\share\prims\jni.cpp, line 1141]
Event: 4.416 Thread 0x0000028bac455da0 Exception <a 'java/lang/NoSuchMethodError'{0x0000000084b82a40}: static Lorg/gradle/tooling/internal/provider/serialization/WellKnownClassLoaderRegistry$KnownClassLoaderSpec;.<clinit>()V> (0x0000000084b82a40) 
thrown [s\src\hotspot\share\prims\jni.cpp, line 1141]
Event: 4.419 Thread 0x0000028bac455da0 Exception <a 'java/lang/NoSuchMethodError'{0x0000000084baa8c8}: static Lorg/gradle/tooling/internal/provider/serialization/ClientOwnedClassLoaderSpec;.<clinit>()V> (0x0000000084baa8c8) 
thrown [s\src\hotspot\share\prims\jni.cpp, line 1141]
Event: 4.451 Thread 0x0000028bac456570 Exception <a 'sun/nio/fs/WindowsException'{0x0000000084a65930}> (0x0000000084a65930) 
thrown [s\src\hotspot\share\prims\jni.cpp, line 535]
Event: 4.461 Thread 0x0000028bac887770 Implicit null exception at 0x0000028b978ee058 to 0x0000028b978ee13c
Event: 4.549 Thread 0x0000028bac887770 Exception <a 'sun/nio/fs/WindowsException'{0x000000008465c008}> (0x000000008465c008) 
thrown [s\src\hotspot\share\prims\jni.cpp, line 535]
Event: 4.550 Thread 0x0000028bac887770 Exception <a 'sun/nio/fs/WindowsException'{0x000000008465d318}> (0x000000008465d318) 
thrown [s\src\hotspot\share\prims\jni.cpp, line 535]
Event: 4.580 Thread 0x0000028bac887770 Exception <a 'sun/nio/fs/WindowsException'{0x0000000084150e78}> (0x0000000084150e78) 
thrown [s\src\hotspot\share\prims\jni.cpp, line 535]
Event: 4.581 Thread 0x0000028bac887770 Exception <a 'sun/nio/fs/WindowsException'{0x00000000841553b0}> (0x00000000841553b0) 
thrown [s\src\hotspot\share\prims\jni.cpp, line 535]
Event: 4.611 Thread 0x0000028bac887770 Exception <a 'java/lang/NoSuchMethodError'{0x000000008408e330}: 'java.lang.Object java.lang.invoke.DirectMethodHandle$Holder.invokeVirtual(java.lang.Object, java.lang.Object, java.lang.Object, java.lang.Object, java.lang.Object, java.lang.Object, java.lang.Object)'> (0x000000008408e330) 
thrown [s\src\hotspot\share\interpreter\linkResolver.cpp, line 815]
Event: 4.626 Thread 0x0000028bac887770 Exception <a 'java/lang/NoSuchMethodError'{0x0000000083f39898}: 'long java.lang.invoke.DirectMethodHandle$Holder.invokeInterface(java.lang.Object, java.lang.Object)'> (0x0000000083f39898) 
thrown [s\src\hotspot\share\interpreter\linkResolver.cpp, line 815]
Event: 4.818 Thread 0x0000028bac887770 Exception <a 'java/lang/NoSuchMethodError'{0x0000000083b65a08}: 'java.lang.Object java.lang.invoke.DirectMethodHandle$Holder.invokeVirtual(java.lang.Object, java.lang.Object, java.lang.Object, java.lang.Object, java.lang.Object, java.lang.Object, java.lang.Object, java.lang.Object, java.lang.Object, java.lang.Object, java.lang.Object, java.lang.Object)'> (0x0000000083b65a08) 
thrown [s\src\hotspot\share\interpreter\linkResolver.cpp, line 815]
Event: 4.881 Thread 0x0000028bac887770 Exception <a 'java/lang/NoSuchMethodError'{0x0000000083ae1988}: 'void java.lang.invoke.DirectMethodHandle$Holder.invokeStatic(java.lang.Object, java.lang.Object, java.lang.Object, java.lang.Object)'> (0x0000000083ae1988) 
thrown [s\src\hotspot\share\interpreter\linkResolver.cpp, line 815]
Event: 4.913 Thread 0x0000028bac887770 Exception <a 'java/lang/NoSuchMethodError'{0x000000008399fb80}: 'int java.lang.invoke.DirectMethodHandle$Holder.invokeVirtual(java.lang.Object, java.lang.Object, java.lang.Object)'> (0x000000008399fb80) 
thrown [s\src\hotspot\share\interpreter\linkResolver.cpp, line 815]
Event: 5.049 Thread 0x0000028bac887770 Exception <a 'java/lang/NoSuchMethodError'{0x00000000836127a8}: 'java.lang.Object java.lang.invoke.DirectMethodHandle$Holder.newInvokeSpecial(java.lang.Object, java.lang.Object, java.lang.Object, java.lang.Object, java.lang.Object, java.lang.Object)'> (0x00000000836127a8) 
thrown [s\src\hotspot\share\interpreter\linkResolver.cpp, line 815]

VM Operations (20 events):
Event: 3.426 Executing non-safepoint VM operation: HandshakeAllThreads (Deoptimize)
Event: 3.426 Executing non-safepoint VM operation: HandshakeAllThreads (Deoptimize) done
Event: 3.572 Executing non-safepoint VM operation: HandshakeAllThreads (Deoptimize)
Event: 3.572 Executing non-safepoint VM operation: HandshakeAllThreads (Deoptimize) done
Event: 3.678 Executing non-safepoint VM operation: HandshakeAllThreads (Deoptimize)
Event: 3.678 Executing non-safepoint VM operation: HandshakeAllThreads (Deoptimize) done
Event: 3.763 Executing non-safepoint VM operation: HandshakeAllThreads (Deoptimize)
Event: 3.763 Executing non-safepoint VM operation: HandshakeAllThreads (Deoptimize) done
Event: 3.764 Executing non-safepoint VM operation: HandshakeAllThreads (Deoptimize)
Event: 3.764 Executing non-safepoint VM operation: HandshakeAllThreads (Deoptimize) done
Event: 3.947 Executing non-safepoint VM operation: HandshakeAllThreads (Deoptimize)
Event: 3.947 Executing non-safepoint VM operation: HandshakeAllThreads (Deoptimize) done
Event: 4.236 Executing non-safepoint VM operation: HandshakeAllThreads (Deoptimize)
Event: 4.236 Executing non-safepoint VM operation: HandshakeAllThreads (Deoptimize) done
Event: 4.333 Executing safepoint VM operation: CollectForMetadataAllocation (Metadata GC Threshold)
Event: 4.340 Executing safepoint VM operation: CollectForMetadataAllocation (Metadata GC Threshold) done
Event: 4.347 Executing safepoint VM operation: G1PauseRemark
Event: 4.351 Executing safepoint VM operation: G1PauseRemark done
Event: 4.353 Executing safepoint VM operation: G1PauseCleanup
Event: 4.354 Executing safepoint VM operation: G1PauseCleanup done

Memory protections (0 events):
No events

Nmethod flushes (0 events):
No events

Events (20 events):
Event: 0.263 Loaded shared library C:\Users\indie\AppData\Local\Programs\Android Studio\jbr\bin\instrument.dll
Event: 0.277 Loaded shared library C:\Users\indie\AppData\Local\Programs\Android Studio\jbr\bin\zip.dll
Event: 0.306 Thread 0x0000028b8c82f920 Thread added: 0x0000028ba50877a0
Event: 0.620 Thread 0x0000028ba4c169c0 Thread added: 0x0000028ba56f1a40
Event: 0.727 Loaded shared library C:\Users\indie\AppData\Local\Programs\Android Studio\jbr\bin\jimage.dll
Event: 1.453 Loaded shared library C:\Users\indie\.gradle\native\660c5614fbf4a5f2a75b1949f50a0caf5cd603558e7d8a26e50b933a0cfb79d1\windows-amd64\native-platform.dll
Event: 1.478 Loaded shared library C:\Users\indie\.gradle\native\0.2.8\x86_64-windows-gnu\gradle-fileevents.dll
Event: 3.516 Loaded shared library C:\Users\indie\AppData\Local\Programs\Android Studio\jbr\bin\management.dll
Event: 3.525 Loaded shared library C:\Users\indie\AppData\Local\Programs\Android Studio\jbr\bin\management_ext.dll
Event: 3.576 Thread 0x0000028b8c82f920 Thread added: 0x0000028ba5089eb0
Event: 3.798 Loaded shared library C:\Users\indie\AppData\Local\Programs\Android Studio\jbr\bin\extnet.dll
Event: 4.100 Thread 0x0000028b8c82f920 Thread added: 0x0000028ba508ae50
Event: 4.224 Thread 0x0000028b8c82f920 Thread added: 0x0000028bac454e00
Event: 4.321 Thread 0x0000028ba508ae50 Thread added: 0x0000028bac456570
Event: 4.326 Thread 0x0000028bac456570 Thread added: 0x0000028bac455da0
Event: 4.445 Thread 0x0000028bac456570 Thread added: 0x0000028bac885830
Event: 4.461 Thread 0x0000028bac456570 Thread added: 0x0000028bac887770
Event: 4.475 Thread 0x0000028bac887770 Thread added: 0x0000028bac888ee0
Event: 4.524 Thread 0x0000028bac887770 Thread added: 0x0000028bac8896b0
Event: 4.534 Thread 0x0000028bac887770 Thread added: 0x0000028bac889e80


Dynamic libraries:
0x00007ff6fcb80000 - 0x00007ff6fcb8a000 	C:\Users\indie\AppData\Local\Programs\Android Studio\jbr\bin\java.exe
0x00007ffeee7e0000 - 0x00007ffeeea47000 	C:\Windows\SYSTEM32\ntdll.dll
0x00007ffeecd90000 - 0x00007ffeece5b000 	C:\Windows\System32\KERNEL32.DLL
0x00007ffeeba70000 - 0x00007ffeebe72000 	C:\Windows\System32\KERNELBASE.dll
0x00007ffeec1b0000 - 0x00007ffeec2fc000 	C:\Windows\System32\ucrtbase.dll
0x00007ffee1660000 - 0x00007ffee167b000 	C:\Users\indie\AppData\Local\Programs\Android Studio\jbr\bin\VCRUNTIME140.dll
0x00007ffeddca0000 - 0x00007ffeddcb6000 	C:\Users\indie\AppData\Local\Programs\Android Studio\jbr\bin\jli.dll
0x00007ffeec750000 - 0x00007ffeec91f000 	C:\Windows\System32\USER32.dll
0x00007ffed8610000 - 0x00007ffed88a0000 	C:\Windows\WinSxS\amd64_microsoft.windows.common-controls_6595b64144ccf1df_6.0.26100.9278_none_3e0d1ba8e3303201\COMCTL32.dll
0x00007ffeec180000 - 0x00007ffeec1a7000 	C:\Windows\System32\win32u.dll
0x00007ffeedde0000 - 0x00007ffeede89000 	C:\Windows\System32\msvcrt.dll
0x00007ffeede90000 - 0x00007ffeedebb000 	C:\Windows\System32\GDI32.dll
0x00007ffeec3d0000 - 0x00007ffeec4f9000 	C:\Windows\System32\gdi32full.dll
0x00007ffeebf40000 - 0x00007ffeebfe3000 	C:\Windows\System32\msvcp_win.dll
0x00007ffeee630000 - 0x00007ffeee661000 	C:\Windows\System32\IMM32.DLL
0x00007ffee1680000 - 0x00007ffee168c000 	C:\Users\indie\AppData\Local\Programs\Android Studio\jbr\bin\vcruntime140_1.dll
0x00007ffecc2d0000 - 0x00007ffecc35d000 	C:\Users\indie\AppData\Local\Programs\Android Studio\jbr\bin\msvcp140.dll
0x00007ffe4d830000 - 0x00007ffe4e70a000 	C:\Users\indie\AppData\Local\Programs\Android Studio\jbr\bin\server\jvm.dll
0x00007ffeedec0000 - 0x00007ffeedf7c000 	C:\Windows\System32\ADVAPI32.dll
0x00007ffeec620000 - 0x00007ffeec6c9000 	C:\Windows\System32\sechost.dll
0x00007ffeec500000 - 0x00007ffeec618000 	C:\Windows\System32\RPCRT4.dll
0x00007ffeee710000 - 0x00007ffeee790000 	C:\Windows\System32\WS2_32.dll
0x00007ffeeb840000 - 0x00007ffeeb89e000 	C:\Windows\SYSTEM32\POWRPROF.dll
0x00007ffee3f30000 - 0x00007ffee3f66000 	C:\Windows\SYSTEM32\WINMM.dll
0x00007ffee3f70000 - 0x00007ffee3f7b000 	C:\Windows\SYSTEM32\VERSION.dll
0x00007ffeeb820000 - 0x00007ffeeb835000 	C:\Windows\SYSTEM32\UMPDC.dll
0x00007ffeea1c0000 - 0x00007ffeea1db000 	C:\Windows\SYSTEM32\kernel.appcore.dll
0x00007ffedf790000 - 0x00007ffedf79a000 	C:\Users\indie\AppData\Local\Programs\Android Studio\jbr\bin\jimage.dll
0x00007ffee8ac0000 - 0x00007ffee8d0c000 	C:\Windows\SYSTEM32\DBGHELP.DLL
0x00007ffeec930000 - 0x00007ffeeccb5000 	C:\Windows\System32\combase.dll
0x00007ffeedc00000 - 0x00007ffeedcd9000 	C:\Windows\System32\OLEAUT32.dll
0x00007ffecbd30000 - 0x00007ffecbd6b000 	C:\Windows\SYSTEM32\dbgcore.DLL
0x00007ffeebe80000 - 0x00007ffeebf2c000 	C:\Windows\System32\bcryptPrimitives.dll
0x00007ffee16d0000 - 0x00007ffee16de000 	C:\Users\indie\AppData\Local\Programs\Android Studio\jbr\bin\instrument.dll
0x00007ffed3a90000 - 0x00007ffed3aaf000 	C:\Users\indie\AppData\Local\Programs\Android Studio\jbr\bin\java.dll
0x00007ffeee490000 - 0x00007ffeee62a000 	C:\Windows\System32\ole32.dll
0x00007ffeece60000 - 0x00007ffeed5f8000 	C:\Windows\System32\SHELL32.dll
0x00007ffed39f0000 - 0x00007ffed3a07000 	C:\Users\indie\AppData\Local\Programs\Android Studio\jbr\bin\zip.dll
0x00007ffee8f40000 - 0x00007ffee97ee000 	C:\Windows\SYSTEM32\windows.storage.dll
0x00007ffeed730000 - 0x00007ffeed82b000 	C:\Windows\System32\SHCORE.dll
0x00007ffeed650000 - 0x00007ffeed6b6000 	C:\Windows\System32\shlwapi.dll
0x00007ffeeb900000 - 0x00007ffeeb929000 	C:\Windows\SYSTEM32\profapi.dll
0x00007ffedf780000 - 0x00007ffedf790000 	C:\Users\indie\AppData\Local\Programs\Android Studio\jbr\bin\net.dll
0x00007ffeea780000 - 0x00007ffeea7ec000 	C:\Windows\system32\mswsock.dll
0x00007ffed1b60000 - 0x00007ffed1b76000 	C:\Users\indie\AppData\Local\Programs\Android Studio\jbr\bin\nio.dll
0x00007ffeddba0000 - 0x00007ffeddbb0000 	C:\Users\indie\AppData\Local\Programs\Android Studio\jbr\bin\verify.dll
0x00007ffed1790000 - 0x00007ffed17b7000 	C:\Users\indie\.gradle\native\660c5614fbf4a5f2a75b1949f50a0caf5cd603558e7d8a26e50b933a0cfb79d1\windows-amd64\native-platform.dll
0x00007ffea6bc0000 - 0x00007ffea6c37000 	C:\Users\indie\.gradle\native\0.2.8\x86_64-windows-gnu\gradle-fileevents.dll
0x00007ffede9f0000 - 0x00007ffede9f9000 	C:\Users\indie\AppData\Local\Programs\Android Studio\jbr\bin\management.dll
0x00007ffede9d0000 - 0x00007ffede9db000 	C:\Users\indie\AppData\Local\Programs\Android Studio\jbr\bin\management_ext.dll
0x00007ffeedff0000 - 0x00007ffeedff8000 	C:\Windows\System32\PSAPI.DLL
0x00007ffee9bc0000 - 0x00007ffee9bf3000 	C:\Windows\SYSTEM32\IPHLPAPI.DLL
0x00007ffeee700000 - 0x00007ffeee70a000 	C:\Windows\System32\NSI.dll
0x00007ffedf710000 - 0x00007ffedf719000 	C:\Users\indie\AppData\Local\Programs\Android Studio\jbr\bin\extnet.dll
0x00007ffeeaa70000 - 0x00007ffeeaa8b000 	C:\Windows\SYSTEM32\CRYPTSP.dll
0x00007ffeea120000 - 0x00007ffeea159000 	C:\Windows\system32\rsaenh.dll
0x00007ffeea830000 - 0x00007ffeea864000 	C:\Windows\SYSTEM32\USERENV.dll
0x00007ffeeb8d0000 - 0x00007ffeeb8fa000 	C:\Windows\SYSTEM32\bcrypt.dll
0x00007ffeeaa90000 - 0x00007ffeeaa9c000 	C:\Windows\SYSTEM32\CRYPTBASE.dll
0x00007ffeeaf30000 - 0x00007ffeeaf38000 	C:\Windows\system32\wshunix.dll

JVMTI agents:
C:\Users\indie\.gradle\wrapper\dists\gradle-9.5.0-bin\bvnork1r7n8i6kp5cnkibsc9q\gradle-9.5.0\lib\agents\gradle-instrumentation-agent-9.5.0.jar path:C:\Users\indie\AppData\Local\Programs\Android Studio\jbr\bin\instrument.dll, loaded, initialized, instrumentlib options:none

dbghelp: loaded successfully - version: 4.0.5 - missing functions: none
symbol engine: initialized successfully - sym options: 0x614 - pdb path: .;C:\Users\indie\AppData\Local\Programs\Android Studio\jbr\bin;C:\Windows\SYSTEM32;C:\Windows\WinSxS\amd64_microsoft.windows.common-controls_6595b64144ccf1df_6.0.26100.9278_none_3e0d1ba8e3303201;C:\Users\indie\AppData\Local\Programs\Android Studio\jbr\bin\server;C:\Users\indie\.gradle\native\660c5614fbf4a5f2a75b1949f50a0caf5cd603558e7d8a26e50b933a0cfb79d1\windows-amd64;C:\Users\indie\.gradle\native\0.2.8\x86_64-windows-gnu

VM Arguments:
jvm_args: --add-opens=java.base/java.lang=ALL-UNNAMED --add-opens=java.base/java.lang.invoke=ALL-UNNAMED --add-opens=java.base/java.util=ALL-UNNAMED --add-opens=java.prefs/java.util.prefs=ALL-UNNAMED --add-exports=jdk.compiler/com.sun.tools.javac.api=ALL-UNNAMED --add-exports=jdk.compiler/com.sun.tools.javac.util=ALL-UNNAMED --add-opens=java.base/java.nio.charset=ALL-UNNAMED --add-opens=java.base/java.net=ALL-UNNAMED --add-opens=java.base/java.util.concurrent=ALL-UNNAMED --add-opens=java.base/java.util.concurrent.atomic=ALL-UNNAMED --add-opens=java.xml/javax.xml.namespace=ALL-UNNAMED --add-opens=java.base/java.time=ALL-UNNAMED --enable-native-access=ALL-UNNAMED -Xmx2048m -Dfile.encoding=UTF-8 -Duser.country=ZA -Duser.language=en -Duser.variant -javaagent:C:\Users\indie\.gradle\wrapper\dists\gradle-9.5.0-bin\bvnork1r7n8i6kp5cnkibsc9q\gradle-9.5.0\lib\agents\gradle-instrumentation-agent-9.5.0.jar 
java_command: org.gradle.launcher.daemon.bootstrap.GradleDaemon 9.5.0
java_class_path (initial): C:\Users\indie\.gradle\wrapper\dists\gradle-9.5.0-bin\bvnork1r7n8i6kp5cnkibsc9q\gradle-9.5.0\lib\gradle-daemon-main-9.5.0.jar
Launcher Type: SUN_STANDARD

[Global flags]
     intx CICompilerCount                          = 12                                        {product} {ergonomic}
     uint ConcGCThreads                            = 3                                         {product} {ergonomic}
     uint G1ConcRefinementThreads                  = 13                                        {product} {ergonomic}
   size_t G1HeapRegionSize                         = 1048576                                   {product} {ergonomic}
   size_t InitialHeapSize                          = 98566144                                  {product} {ergonomic}
   size_t MarkStackSize                            = 4194304                                   {product} {ergonomic}
   size_t MarkStackSizeMax                         = 536870912                                 {product} {ergonomic}
   size_t MaxHeapSize                              = 2147483648                                {product} {command line}
   size_t MaxNewSize                               = 1287651328                                {product} {ergonomic}
   size_t MinHeapDeltaBytes                        = 1048576                                   {product} {ergonomic}
   size_t MinHeapSize                              = 8388608                                   {product} {ergonomic}
    uintx NonNMethodCodeHeapSize                   = 7602176                                {pd product} {ergonomic}
    uintx NonProfiledCodeHeapSize                  = 122093568                              {pd product} {ergonomic}
    uintx ProfiledCodeHeapSize                     = 121962496                              {pd product} {ergonomic}
    uintx ReservedCodeCacheSize                    = 251658240                              {pd product} {ergonomic}
     bool SegmentedCodeCache                       = true                                      {product} {ergonomic}
   size_t SoftMaxHeapSize                          = 2147483648                             {manageable} {ergonomic}
     bool UseCompressedOops                        = true                           {product lp64_product} {ergonomic}
     bool UseG1GC                                  = true                                      {product} {ergonomic}
     bool UseLargePagesIndividualAllocation        = false                                  {pd product} {ergonomic}

Logging:
Log output configuration:
 #0: stdout all=warning uptime,level,tags foldmultilines=false
 #1: stderr all=off uptime,level,tags foldmultilines=false

Release file:
JAVA_VERSION="25.0.2" 
MODULES="java.base java.compiler java.datatransfer java.xml java.prefs java.desktop java.instrument java.logging java.management java.security.sasl java.naming java.rmi java.management.rmi java.net.http java.scripting java.security.jgss java.transaction.xa java.sql java.sql.rowset java.xml.crypto java.se java.smartcardio jdk.accessibility jdk.internal.jvmstat jdk.attach jdk.charsets jdk.internal.opt jdk.zipfs jdk.compiler jdk.crypto.cryptoki jdk.crypto.ec jdk.dynalink jdk.hotspot.agent jdk.httpserver jdk.internal.ed jdk.internal.le jdk.internal.md jdk.internal.vm.ci jdk.jartool jdk.javadoc jdk.jcmd jdk.jdeps jdk.jdwp.agent jdk.jdi jdk.jfr jdk.jlink jdk.localedata jdk.management jdk.management.agent jdk.management.jfr jdk.naming.dns jdk.naming.rmi jdk.net jdk.sctp jdk.security.auth jdk.security.jgss jdk.unsupported jdk.unsupported.desktop jdk.xml.dom" 
IMPLEMENTOR="JetBrains s.r.o." 
JAVA_RUNTIME_VERSION="25.0.2+-15348964-b329.117" 
LIBC="default" 
OS_ARCH="x86_64" 
OS_NAME="Windows" 
SOURCE=".:git:3cf398e84a39" 

Environment Variables:
JAVA_HOME=C:\Program Files\Microsoft\jdk-17.0.16.8-hotspot\
PATH=C:\Users\indie\AppData\Local\Programs\Python\Python314\Scripts\;C:\Users\indie\AppData\Local\Programs\Python\Python314\;C:\Program Files\Microsoft\jdk-17.0.16.8-hotspot\bin;C:\Python313\Scripts\;C:\Python313\;C:\Windows\system32;C:\Windows;C:\Windows\System32\Wbem;C:\Windows\System32\WindowsPowerShell\v1.0\;C:\Windows\System32\OpenSSH\;C:\ProgramData\chocolatey\bin;C:\Program Files\Git\cmd;C:\Program Files\Amazon\AWSCLIV2\;C:\Program Files\nodejs\;C:\Users\indie\AppData\Local\Programs\Python\Launcher\;C:\Users\indie\AppData\Local\Microsoft\WindowsApps;C:\Users\indie\AppData\Local\Programs\Microsoft VS Code\bin;C:\Program Files\JetBrains\WebStorm 2025.1.3\bin;C:\Users\indie\AppData\Local\Android\Sdk\platform-tools;C:\Users\indie\.bun\bin;C:\Users\indie\Documents\sqlite3;C:\Users\indie\AppData\Local\JetBrains\Toolbox\scripts;C:\Users\indie\AppData\Roaming\npm
USERNAME=indie
OS=Windows_NT
PROCESSOR_IDENTIFIER=AMD64 Family 25 Model 80 Stepping 0, AuthenticAMD
TMP=C:\Users\indie\AppData\Local\Temp
TEMP=C:\Users\indie\AppData\Local\Temp




Compilation memory statistics disabled.

Periodic native trim disabled

JNI global refs:
JNI global refs: 29, weak refs: 1

JNI global refs memory usage: 835, weak refs: 833

Process memory usage:
Resident Set Size: 163312K (2% of 6124928K total physical memory with 298856K free physical memory)

OOME stack traces (most recent first):
Classloader memory used:
Loader bootstrap                                                                       : 16637 K
Loader org.gradle.internal.classloader.VisitableURLClassLoader                         : 8147 K
Loader org.gradle.initialization.MixInLegacyTypesClassLoader                           : 296 K
Loader jdk.internal.loader.ClassLoaders$AppClassLoader                                 : 186 K
Loader jdk.internal.loader.ClassLoaders$PlatformClassLoader                            : 116 K

Classes loaded by more than one classloader:
Class org.gradle.internal.classloader.FilteringClassLoader                            : loaded 2 times (x 106B)
Class org.gradle.internal.classloader.ClassLoaderHierarchy                            : loaded 2 times (x 72B)
Class org.gradle.internal.classloader.DefaultClassLoaderFactory                       : loaded 2 times (x 84B)
Class org.gradle.api.internal.DefaultClassPathProvider                                : loaded 2 times (x 78B)
Class [Lorg.gradle.api.internal.ClassPathProvider;                                    : loaded 2 times (x 71B)
Class org.gradle.api.internal.ClassPathProvider                                       : loaded 2 times (x 72B)
Class org.gradle.internal.service.UnknownServiceException                             : loaded 2 times (x 85B)
Class org.gradle.internal.classpath.TransformedClassPath                              : loaded 2 times (x 98B)
Class org.gradle.internal.classloader.InstrumentingClassLoader                        : loaded 2 times (x 72B)
Class org.gradle.internal.service.ServiceLocator                                      : loaded 2 times (x 72B)
Class org.gradle.api.internal.classpath.DefaultModuleRegistry$DefaultModule           : loaded 2 times (x 84B)
Class org.gradle.api.internal.classpath.Module                                        : loaded 2 times (x 72B)
Class org.gradle.api.internal.classpath.UnknownModuleException                        : loaded 2 times (x 84B)
Class org.gradle.api.internal.DefaultClassPathRegistry                                : loaded 2 times (x 78B)
Class org.gradle.internal.classpath.DefaultClassPath$ImmutableUniqueList              : loaded 2 times (x 201B)
Class org.gradle.api.internal.ClassPathRegistry                                       : loaded 2 times (x 72B)
Class org.gradle.internal.classpath.ClassPath                                         : loaded 2 times (x 72B)
Class org.gradle.api.internal.classpath.DefaultModuleRegistry$DefaultModuleAlias      : loaded 2 times (x 82B)
Class org.gradle.api.internal.classpath.ModuleRegistry                                : loaded 2 times (x 72B)
Class org.gradle.internal.installation.GradleInstallation$1                           : loaded 2 times (x 77B)
Class org.gradle.api.internal.classpath.DefaultModuleRegistry                         : loaded 2 times (x 86B)
Class org.gradle.internal.service.ServiceLookupException                              : loaded 2 times (x 84B)
Class org.gradle.internal.classloader.ClassLoaderFactory                              : loaded 2 times (x 72B)
Class org.gradle.internal.service.CachingServiceLocator                               : loaded 2 times (x 84B)
Class org.gradle.internal.classloader.ClasspathUtil                                   : loaded 2 times (x 73B)
Class org.gradle.api.specs.Spec                                                       : loaded 2 times (x 72B)
Class org.gradle.internal.classloader.VisitableURLClassLoader$InstrumentingVisitableURLClassLoader: loaded 2 times (x 124B)
Class org.gradle.internal.classloader.VisitableURLClassLoader$Spec                    : loaded 2 times (x 76B)
Class org.gradle.internal.classpath.DefaultClassPath                                  : loaded 2 times (x 92B)
Class org.gradle.internal.classloader.ClassLoaderSpec                                 : loaded 2 times (x 73B)
Class org.gradle.api.internal.classpath.Module$ModuleAlias                            : loaded 2 times (x 72B)
Class org.gradle.internal.classloader.VisitableURLClassLoader                         : loaded 2 times (x 118B)
Class org.gradle.internal.Cast                                                        : loaded 2 times (x 73B)
Class org.gradle.api.Action                                                           : loaded 2 times (x 72B)
Class org.gradle.internal.classpath.DefaultClassPath$ImmutableUniqueList$Builder      : loaded 2 times (x 77B)
Class org.gradle.api.GradleException                                                  : loaded 2 times (x 84B)
Class org.gradle.internal.IoActions                                                   : loaded 2 times (x 73B)
Class org.gradle.internal.installation.CurrentGradleInstallationLocator               : loaded 2 times (x 73B)
Class org.gradle.internal.service.DefaultServiceLocator                               : loaded 2 times (x 85B)
Class org.gradle.internal.installation.CurrentGradleInstallation                      : loaded 2 times (x 75B)
Class org.gradle.util.internal.GUtil                                                  : loaded 2 times (x 73B)
Class org.gradle.internal.installation.GradleInstallation                             : loaded 2 times (x 77B)

---------------  S Y S T E M  ---------------

OS:
 Windows 11 , 64 bit Build 26100 (10.0.26100.9444)
OS uptime: 3 days 12:20 hours
Hyper-V role detected

CPU: total 16 (initial active 16) (16 cores per cpu, 2 threads per core) family 25 model 80 stepping 0 microcode 0xa500014, cx8, cmov, fxsr, ht, mmx, 3dnowpref, sse, sse2, sse3, ssse3, sse4a, sse4.1, sse4.2, popcnt, lzcnt, tsc, tscinvbit, avx, avx2, aes, erms, clmul, bmi1, bmi2, adx, sha, fma, vzeroupper, clflush, clflushopt, clwb, hv, rdtscp, rdpid, fsrm, f16c, cet_ss
Processor Information for processor 0
  Max Mhz: 2000, Current Mhz: 1808, Mhz Limit: 2000
Processor Information for processor 1
  Max Mhz: 2000, Current Mhz: 1808, Mhz Limit: 2000
Processor Information for processor 2
  Max Mhz: 2000, Current Mhz: 1890, Mhz Limit: 2000
Processor Information for processor 3
  Max Mhz: 2000, Current Mhz: 1890, Mhz Limit: 2000
Processor Information for processor 4
  Max Mhz: 2000, Current Mhz: 1808, Mhz Limit: 2000
Processor Information for processor 5
  Max Mhz: 2000, Current Mhz: 1808, Mhz Limit: 2000
Processor Information for processor 6
  Max Mhz: 2000, Current Mhz: 1808, Mhz Limit: 2000
Processor Information for processor 7
  Max Mhz: 2000, Current Mhz: 1808, Mhz Limit: 2000
Processor Information for processor 8
  Max Mhz: 2000, Current Mhz: 1890, Mhz Limit: 2000
Processor Information for processor 9
  Max Mhz: 2000, Current Mhz: 1890, Mhz Limit: 2000
Processor Information for processor 10
  Max Mhz: 2000, Current Mhz: 1890, Mhz Limit: 2000
Processor Information for processor 11
  Max Mhz: 2000, Current Mhz: 1890, Mhz Limit: 2000
Processor Information for processor 12
  Max Mhz: 2000, Current Mhz: 1808, Mhz Limit: 2000
Processor Information for processor 13
  Max Mhz: 2000, Current Mhz: 1890, Mhz Limit: 2000
Processor Information for processor 14
  Max Mhz: 2000, Current Mhz: 1890, Mhz Limit: 2000
Processor Information for processor 15
  Max Mhz: 2000, Current Mhz: 1890, Mhz Limit: 2000

Memory: 4k page, system-wide physical 5981M (292M free)
TotalPageFile size 24413M (AvailPageFile size 0M)
current process WorkingSet (physical memory assigned to process): 159M, peak: 168M
current process commit charge ("private bytes"): 233M, peak: 250M

vm_info: OpenJDK 64-Bit Server VM (25.0.2+-15348964-b329.117) for windows-amd64 JRE (25.0.2+-15348964-b329.117), built on 2026-05-05T18:25:19Z with MS VC++ 16.10 / 16.11 (VS2019)

END.
